======================================================================
DQN Asset-Class Training — Commodity — r1
Train: 2005-01-01 ~ 2010-12-31
Test : 2011-01-01 ~ 2015-12-31
Contracts: 24/24 loaded | Device: cuda
Val envs: 24/24 contracts
Model bundle: /home/congge2026/.openclaw/workspace/IEOR4733_Project/drl/dqn/models/Commodity/r1/bp1_20260506T191936_s51
State spec: structural_38_close_norm_9d
DQN stabilizers [49]/[18]/[50]: fixed Q-targets, Double DQN, Dueling DQN; target hard-copy every 1000 learn steps; dropout 0.2
Validation: 10% split, early stopping patience=20, epsilon: 0.30→0.010 over 2,652,000 steps, epsilon_val=0.0
--- Env construction ---
  CC: train_dates=[2005-01-06T00:00:00.000000..2010-12-31T00:00:00.000000] train_env=[252..1353] (1101 steps)
  CC: val_dates=[2010-03-04T00:00:00.000000..2010-12-31T00:00:00.000000] val_env=[1293..1504] (211 steps) test_dates=[2011-01-01..2015-12-31] test_idx=[1504..2762]
  DA: train_dates=[2005-01-06T00:00:00.000000..2010-12-31T00:00:00.000000] train_env=[252..1353] (1101 steps)
  DA: val_dates=[2010-03-04T00:00:00.000000..2010-12-31T00:00:00.000000] val_env=[1293..1504] (211 steps) test_dates=[2011-01-01..2015-12-31] test_idx=[1504..2761]
  GI: train_dates=[2005-01-03T00:00:00.000000..2010-12-31T00:00:00.000000] train_env=[252..1359] (1107 steps)
  GI: val_dates=[2010-03-04T00:00:00.000000..2010-12-31T00:00:00.000000] val_env=[1299..1510] (211 steps) test_dates=[2011-01-01..2015-12-31] test_idx=[1510..2769]
  JO: train_dates=[2005-01-06T00:00:00.000000..2010-12-31T00:00:00.000000] train_env=[252..1353] (1101 steps)
  JO: val_dates=[2010-03-04T00:00:00.000000..2010-12-31T00:00:00.000000] val_env=[1293..1504] (211 steps) test_dates=[2011-01-01..2015-12-31] test_idx=[1504..2763]
  KC: train_dates=[2005-01-06T00:00:00.000000..2010-12-31T00:00:00.000000] train_env=[252..1353] (1101 steps)
  KC: val_dates=[2010-03-04T00:00:00.000000..2010-12-31T00:00:00.000000] val_env=[1293..1504] (211 steps) test_dates=[2011-01-01..2015-12-31] test_idx=[1504..2762]
  KW: train_dates=[2005-01-04T00:00:00.000000..2010-12-31T00:00:00.000000] train_env=[252..1359] (1107 steps)
  KW: val_dates=[2010-03-04T00:00:00.000000..2010-12-31T00:00:00.000000] val_env=[1299..1510] (211 steps) test_dates=[2011-01-01..2015-12-31] test_idx=[1510..2769]
  LB: train_dates=[2005-01-04T00:00:00.000000..2010-12-31T00:00:00.000000] train_env=[252..1359] (1107 steps)
  LB: val_dates=[2010-03-04T00:00:00.000000..2010-12-31T00:00:00.000000] val_env=[1299..1510] (211 steps) test_dates=[2011-01-01..2015-12-31] test_idx=[1510..2766]
  NR: train_dates=[2005-01-04T00:00:00.000000..2010-12-31T00:00:00.000000] train_env=[252..1359] (1107 steps)
  NR: val_dates=[2010-03-04T00:00:00.000000..2010-12-31T00:00:00.000000] val_env=[1299..1510] (211 steps) test_dates=[2011-01-01..2015-12-31] test_idx=[1510..2769]
  SB: train_dates=[2005-01-06T00:00:00.000000..2010-12-31T00:00:00.000000] train_env=[252..1353] (1101 steps)
  SB: val_dates=[2010-03-04T00:00:00.000000..2010-12-31T00:00:00.000000] val_env=[1293..1504] (211 steps) test_dates=[2011-01-01..2015-12-31] test_idx=[1504..2762]
  ZC: train_dates=[2005-01-04T00:00:00.000000..2010-12-31T00:00:00.000000] train_env=[252..1359] (1107 steps)
  ZC: val_dates=[2010-03-03T00:00:00.000000..2010-12-31T00:00:00.000000] val_env=[1299..1511] (212 steps) test_dates=[2011-01-01..2015-12-31] test_idx=[1511..2770]
  ZF: train_dates=[2005-01-04T00:00:00.000000..2010-12-31T00:00:00.000000] train_env=[252..1359] (1107 steps)
  ZF: val_dates=[2010-03-04T00:00:00.000000..2010-12-31T00:00:00.000000] val_env=[1299..1510] (211 steps) test_dates=[2011-01-01..2015-12-31] test_idx=[1510..2769]
  ZG: train_dates=[2005-01-06T00:00:00.000000..2010-12-31T00:00:00.000000] train_env=[252..1358] (1106 steps)
  ZG: val_dates=[2010-03-04T00:00:00.000000..2010-12-31T00:00:00.000000] val_env=[1298..1509] (211 steps) test_dates=[2011-01-01..2015-12-31] test_idx=[1509..2768]
  ZH: train_dates=[2005-01-06T00:00:00.000000..2010-12-31T00:00:00.000000] train_env=[252..1356] (1104 steps)
  ZH: val_dates=[2010-03-04T00:00:00.000000..2010-12-31T00:00:00.000000] val_env=[1296..1507] (211 steps) test_dates=[2011-01-01..2015-12-31] test_idx=[1507..2766]
  ZI: train_dates=[2005-01-06T00:00:00.000000..2010-12-31T00:00:00.000000] train_env=[252..1358] (1106 steps)
  ZI: val_dates=[2010-03-04T00:00:00.000000..2010-12-31T00:00:00.000000] val_env=[1298..1509] (211 steps) test_dates=[2011-01-01..2015-12-31] test_idx=[1509..2768]
  ZK: train_dates=[2005-01-06T00:00:00.000000..2010-12-31T00:00:00.000000] train_env=[252..1357] (1105 steps)
  ZK: val_dates=[2010-03-04T00:00:00.000000..2010-12-31T00:00:00.000000] val_env=[1297..1508] (211 steps) test_dates=[2011-01-01..2015-12-31] test_idx=[1508..2767]
  ZL: train_dates=[2005-01-04T00:00:00.000000..2010-12-31T00:00:00.000000] train_env=[252..1359] (1107 steps)
  ZL: val_dates=[2010-03-03T00:00:00.000000..2010-12-31T00:00:00.000000] val_env=[1299..1511] (212 steps) test_dates=[2011-01-01..2015-12-31] test_idx=[1511..2770]
  ZO: train_dates=[2005-01-04T00:00:00.000000..2010-12-31T00:00:00.000000] train_env=[252..1358] (1106 steps)
  ZO: val_dates=[2010-03-04T00:00:00.000000..2010-12-31T00:00:00.000000] val_env=[1298..1509] (211 steps) test_dates=[2011-01-01..2015-12-31] test_idx=[1509..2768]
  ZP: train_dates=[2005-01-06T00:00:00.000000..2010-12-31T00:00:00.000000] train_env=[252..1358] (1106 steps)
  ZP: val_dates=[2010-03-04T00:00:00.000000..2010-12-31T00:00:00.000000] val_env=[1298..1509] (211 steps) test_dates=[2011-01-01..2015-12-31] test_idx=[1509..2768]
  ZR: train_dates=[2005-01-04T00:00:00.000000..2010-12-31T00:00:00.000000] train_env=[252..1359] (1107 steps)
  ZR: val_dates=[2010-03-03T00:00:00.000000..2010-12-31T00:00:00.000000] val_env=[1299..1511] (212 steps) test_dates=[2011-01-01..2015-12-31] test_idx=[1511..2770]
  ZT: train_dates=[2005-01-04T00:00:00.000000..2010-12-31T00:00:00.000000] train_env=[252..1359] (1107 steps)
  ZT: val_dates=[2010-03-04T00:00:00.000000..2010-12-31T00:00:00.000000] val_env=[1299..1510] (211 steps) test_dates=[2011-01-01..2015-12-31] test_idx=[1510..2769]
  ZU: train_dates=[2005-01-06T00:00:00.000000..2010-12-31T00:00:00.000000] train_env=[252..1354] (1102 steps)
  ZU: val_dates=[2010-03-04T00:00:00.000000..2010-12-31T00:00:00.000000] val_env=[1294..1505] (211 steps) test_dates=[2011-01-01..2015-12-31] test_idx=[1505..2764]
  ZW: train_dates=[2005-01-04T00:00:00.000000..2010-12-31T00:00:00.000000] train_env=[252..1359] (1107 steps)
  ZW: val_dates=[2010-03-03T00:00:00.000000..2010-12-31T00:00:00.000000] val_env=[1299..1511] (212 steps) test_dates=[2011-01-01..2015-12-31] test_idx=[1511..2770]
  ZZ: train_dates=[2005-01-04T00:00:00.000000..2010-12-31T00:00:00.000000] train_env=[252..1359] (1107 steps)
  ZZ: val_dates=[2010-03-04T00:00:00.000000..2010-12-31T00:00:00.000000] val_env=[1299..1510] (211 steps) test_dates=[2011-01-01..2015-12-31] test_idx=[1510..2769]
  ZN: train_dates=[2005-01-06T00:00:00.000000..2010-12-31T00:00:00.000000] train_env=[252..1355] (1103 steps)
  ZN: val_dates=[2010-03-04T00:00:00.000000..2010-12-31T00:00:00.000000] val_env=[1295..1506] (211 steps) test_dates=[2011-01-01..2015-12-31] test_idx=[1506..2765]
--- Data sanity: all contracts OK ---
Agent: DuelingDQNLSTM | params=31,876 (trainable=31,876)
Device: cuda | CUDA available: True
GPU: NVIDIA GB10 | mem=130.7GB
--- Preflight: all envs OK (reset + step + reward) ---
======================================================================
cycle 1/100 reward_avg=-0.4084 val_reward=+0.0601 val_actions=[L:35% S:16% F:49%] loss=0.002348 epsilon=0.2900 replay=5000 target_updates=5 patience=0/20 elapsed=41s eta=4064s
  ⚠️  cycle 1: replay buffer full (5000/5000) in first cycle
cycle 2/100 reward_avg=+0.1617 val_reward=+0.5334 val_actions=[L:77% S:14% F:8%] loss=0.002455 epsilon=0.2800 replay=5000 target_updates=11 patience=0/20 elapsed=88s eta=4329s
cycle 3/100 reward_avg=-0.0121 val_reward=-0.0186 val_actions=[L:17% S:16% F:67%] loss=0.002230 epsilon=0.2700 replay=5000 target_updates=18 patience=0/20 elapsed=139s eta=4488s
cycle 4/100 reward_avg=+0.7227 val_reward=-0.0814 val_actions=[L:13% S:41% F:46%] loss=0.002379 epsilon=0.2600 replay=5000 target_updates=25 patience=1/20 elapsed=183s eta=4390s
cycle 5/100 reward_avg=+1.5608 val_reward=+0.3381 val_actions=[L:57% S:40% F:4%] loss=0.002656 epsilon=0.2500 replay=5000 target_updates=31 patience=2/20 elapsed=229s eta=4342s
cycle 6/100 reward_avg=+1.2040 val_reward=-0.0828 val_actions=[L:5% S:17% F:78%] loss=0.002653 epsilon=0.2401 replay=5000 target_updates=38 patience=3/20 elapsed=274s eta=4289s
cycle 7/100 reward_avg=+0.7807 val_reward=-0.1248 val_actions=[L:6% S:35% F:60%] loss=0.002049 epsilon=0.2301 replay=5000 target_updates=45 patience=4/20 elapsed=321s eta=4261s
cycle 8/100 reward_avg=+1.8821 val_reward=-0.0536 val_actions=[L:16% S:29% F:54%] loss=0.002675 epsilon=0.2201 replay=5000 target_updates=51 patience=5/20 elapsed=367s eta=4219s
cycle 9/100 reward_avg=+1.8054 val_reward=+0.5087 val_actions=[L:72% S:24% F:4%] loss=0.002538 epsilon=0.2101 replay=5000 target_updates=58 patience=6/20 elapsed=414s eta=4190s
cycle 10/100 reward_avg=+1.9096 val_reward=+0.1916 val_actions=[L:54% S:36% F:10%] loss=0.002582 epsilon=0.2001 replay=5000 target_updates=64 patience=7/20 elapsed=459s eta=4131s
cycle 11/100 reward_avg=+1.8444 val_reward=-0.1755 val_actions=[L:15% S:35% F:50%] loss=0.002826 epsilon=0.1901 replay=5000 target_updates=71 patience=8/20 elapsed=508s eta=4110s
cycle 12/100 reward_avg=+2.4947 val_reward=+0.3163 val_actions=[L:72% S:18% F:10%] loss=0.002381 epsilon=0.1801 replay=5000 target_updates=78 patience=9/20 elapsed=553s eta=4055s
cycle 13/100 reward_avg=+2.3534 val_reward=-0.3594 val_actions=[L:12% S:39% F:49%] loss=0.002705 epsilon=0.1701 replay=5000 target_updates=84 patience=10/20 elapsed=601s eta=4020s
cycle 14/100 reward_avg=+2.5455 val_reward=-0.0623 val_actions=[L:21% S:26% F:52%] loss=0.002505 epsilon=0.1601 replay=5000 target_updates=91 patience=11/20 elapsed=644s eta=3956s
