======================================================================
DQN Asset-Class Training — Fixed Income — r1
Train: 2005-01-01 ~ 2010-12-31
Test : 2011-01-01 ~ 2015-12-31
Contracts: 4/4 loaded | Device: cuda
Val envs: 4/4 contracts
Model bundle: /home/congge2026/.openclaw/workspace/IEOR4733_Project/drl/dqn/models/Fixed_Income/r1/20260427T221408_s1
State spec: structural_38_close_norm_7d
DQN stabilizers [49]/[18]/[50]: fixed Q-targets, Double DQN, Dueling DQN; target hard-copy every 1000 learn steps; dropout 0.2
Validation: 10% split, early stopping patience=20
--- Env construction ---
  DT: train=[252..1379] (1127 steps)
  DT: val=[1319..1533] (214 steps)
  TY: train=[252..1357] (1105 steps)
  TY: val=[1297..1508] (211 steps)
  UB: train=[252..1379] (1127 steps)
  UB: val=[1319..1533] (214 steps)
  US: train=[252..1357] (1105 steps)
  US: val=[1297..1508] (211 steps)
--- Data sanity: all contracts OK ---
Agent: DuelingDQNLSTM | params=31,876 (trainable=31,876)
Device: cuda | CUDA available: True
GPU: NVIDIA GB10 | mem=130.7GB
--- Preflight: all envs OK (reset + step + reward) ---
======================================================================
cycle 1/100 reward_avg=-15.1574 val_reward=+0.0000 loss=0.001205 epsilon=0.2777 replay=4460 target_updates=4 patience=0/20 elapsed=100s eta=9915s
cycle 10/100 reward_avg=-1.7011 val_reward=+0.0659 loss=0.001500 epsilon=0.0770 replay=5000 target_updates=44 patience=7/20 elapsed=1076s eta=9688s
cycle 20/100 reward_avg=+4.4264 val_reward=+0.1869 loss=0.002032 epsilon=0.0500 replay=5000 target_updates=89 patience=1/20 elapsed=2175s eta=8701s
cycle 30/100 reward_avg=+5.7159 val_reward=+0.3638 loss=0.002214 epsilon=0.0500 replay=5000 target_updates=133 patience=7/20 elapsed=3211s eta=7493s
cycle 40/100 reward_avg=+6.5811 val_reward=+0.3351 loss=0.001979 epsilon=0.0500 replay=5000 target_updates=178 patience=17/20 elapsed=4097s eta=6146s
Early stopping at cycle 42: val_reward=+0.2201 best=+0.9228
Saved checkpoint: /home/congge2026/.openclaw/workspace/IEOR4733_Project/drl/dqn/models/Fixed_Income/r1/20260427T221408_s1/checkpoint.pt
Saved logs: /home/congge2026/.openclaw/workspace/IEOR4733_Project/drl/dqn/models/Fixed_Income/r1/20260427T221408_s1
