======================================================================
DQN Asset-Class Training — Fixed Income — r2
Train: 2005-01-01 ~ 2015-12-31
Test : 2016-01-01 ~ 2019-12-31
Contracts: 4/4 loaded | Device: cuda
Val envs: 4/4 contracts
Model bundle: /home/congge2026/.openclaw/workspace/IEOR4733_Project/drl/dqn/models/Fixed_Income/r2/bp1_20260506T174917_s42
State spec: structural_38_close_norm_9d
DQN stabilizers [49]/[18]/[50]: fixed Q-targets, Double DQN, Dueling DQN; target hard-copy every 1000 learn steps; dropout 0.2
Validation: 10% split, early stopping patience=20, epsilon: 0.30→0.010 over 902,000 steps, epsilon_val=0.0
--- Env construction ---
  DT: train_dates=[2005-01-03T00:00:00.000000..2015-12-30T00:00:00.000000] train_env=[252..2521] (2269 steps)
  DT: val_dates=[2014-08-27T00:00:00.000000..2015-12-30T00:00:00.000000] val_env=[2461..2801] (340 steps) test_dates=[2016-01-01..2019-12-31] test_idx=[2801..3816]
  TY: train_dates=[2005-01-05T00:00:00.000000..2015-12-31T00:00:00.000000] train_env=[252..2493] (2241 steps)
  TY: val_dates=[2014-09-03T00:00:00.000000..2015-12-31T00:00:00.000000] val_env=[2433..2770] (337 steps) test_dates=[2016-01-01..2019-12-31] test_idx=[2770..3775]
  UB: train_dates=[2005-01-03T00:00:00.000000..2015-12-30T00:00:00.000000] train_env=[252..2521] (2269 steps)
  UB: val_dates=[2014-08-27T00:00:00.000000..2015-12-30T00:00:00.000000] val_env=[2461..2801] (340 steps) test_dates=[2016-01-01..2019-12-31] test_idx=[2801..3816]
  US: train_dates=[2005-01-05T00:00:00.000000..2015-12-31T00:00:00.000000] train_env=[252..2493] (2241 steps)
  US: val_dates=[2014-09-03T00:00:00.000000..2015-12-31T00:00:00.000000] val_env=[2433..2770] (337 steps) test_dates=[2016-01-01..2019-12-31] test_idx=[2770..3775]
--- Data sanity: all contracts OK ---
Agent: DuelingDQNLSTM | params=31,876 (trainable=31,876)
Device: cuda | CUDA available: True
GPU: NVIDIA GB10 | mem=130.7GB
--- Preflight: all envs OK (reset + step + reward) ---
======================================================================
