======================================================================
DQN Asset-Class Training — Forex — r1
Train: 2005-01-01 ~ 2010-12-31
Test : 2011-01-01 ~ 2015-12-31
Contracts: 9/9 loaded | Device: cuda
Val envs: 9/9 contracts
Model bundle: /home/congge2026/.openclaw/workspace/IEOR4733_Project/drl/dqn/models/Forex/r1/20260427T155145_s0
State spec: structural_38_close_norm_7d
DQN stabilizers [49]/[18]/[50]: fixed Q-targets, Double DQN, Dueling DQN; target hard-copy every 1000 learn steps; dropout 0.2
Validation: 10% split, early stopping patience=20
--- Env construction ---
  AN: n=2779 train=[252..2501] (2249 steps)
  AN: val=[2441..2779] (338 steps)
  BN: n=2778 train=[252..2500] (2248 steps)
  BN: val=[2440..2778] (338 steps)
  CN: n=2770 train=[252..2493] (2241 steps)
  CN: val=[2433..2770] (337 steps)
  DX: n=2803 train=[252..2522] (2270 steps)
  DX: val=[2462..2803] (341 steps)
  FN: n=2770 train=[252..2493] (2241 steps)
  FN: val=[2433..2770] (337 steps)
  JN: n=2773 train=[252..2495] (2243 steps)
  JN: val=[2435..2773] (338 steps)
  MP: n=2762 train=[252..2485] (2233 steps)
  MP: val=[2425..2762] (337 steps)
  NK: n=2810 train=[252..2529] (2277 steps)
  NK: val=[2469..2810] (341 steps)
  SN: n=2773 train=[252..2495] (2243 steps)
  SN: val=[2435..2773] (338 steps)
--- Data sanity: all contracts OK ---
Agent: DuelingDQNLSTM | params=31,876 (trainable=31,876)
Device: cuda | CUDA available: True
GPU: NVIDIA GB10 | mem=130.7GB
--- Preflight: all envs OK (reset + step + reward) ---
======================================================================
cycle 1/100 reward_avg=-10.8356 val_reward=+0.0000 loss=0.001629 epsilon=0.2325 replay=5000 target_updates=13 patience=0/20 elapsed=104s eta=10306s
  ⚠️  cycle 1: replay buffer full (5000/5000) in first cycle
cycle 10/100 reward_avg=+2.0959 val_reward=-1.3171 loss=0.002566 epsilon=0.0500 replay=5000 target_updates=134 patience=8/20 elapsed=1109s eta=9985s
cycle 20/100 reward_avg=+8.7023 val_reward=-1.8417 loss=0.003018 epsilon=0.0500 replay=5000 target_updates=269 patience=18/20 elapsed=2226s eta=8903s
Early stopping at cycle 21: val_reward=-1.8053 best=+0.0222
Saved checkpoint: /home/congge2026/.openclaw/workspace/IEOR4733_Project/drl/dqn/models/Forex/r1/20260427T155145_s0/checkpoint.pt
Saved logs: /home/congge2026/.openclaw/workspace/IEOR4733_Project/drl/dqn/models/Forex/r1/20260427T155145_s0
