======================================================================
DQN Asset-Class Training — Fixed Income — r1
Train: 2005-01-01 ~ 2010-12-31
Test : 2011-01-01 ~ 2015-12-31
Contracts: 4/4 loaded | Device: cuda
Val envs: 4/4 contracts
Model bundle: /home/congge2026/.openclaw/workspace/IEOR4733_Project/drl/dqn/models/Fixed_Income/r1/20260427T221408_s0
State spec: structural_38_close_norm_7d
DQN stabilizers [49]/[18]/[50]: fixed Q-targets, Double DQN, Dueling DQN; target hard-copy every 1000 learn steps; dropout 0.2
Validation: 10% split, early stopping patience=20
--- Env construction ---
  DT: train=[252..1379] (1127 steps)
  DT: val=[1319..1533] (214 steps)
  TY: train=[252..1357] (1105 steps)
  TY: val=[1297..1508] (211 steps)
  UB: train=[252..1379] (1127 steps)
  UB: val=[1319..1533] (214 steps)
  US: train=[252..1357] (1105 steps)
  US: val=[1297..1508] (211 steps)
--- Data sanity: all contracts OK ---
Agent: DuelingDQNLSTM | params=31,876 (trainable=31,876)
Device: cuda | CUDA available: True
GPU: NVIDIA GB10 | mem=130.7GB
--- Preflight: all envs OK (reset + step + reward) ---
======================================================================
cycle 1/100 reward_avg=-14.8068 val_reward=+0.0000 loss=0.001278 epsilon=0.2777 replay=4460 target_updates=4 patience=0/20 elapsed=100s eta=9924s
cycle 10/100 reward_avg=-3.8874 val_reward=-0.2939 loss=0.000821 epsilon=0.0770 replay=5000 target_updates=44 patience=5/20 elapsed=1076s eta=9684s
cycle 20/100 reward_avg=+3.6231 val_reward=+0.0939 loss=0.002278 epsilon=0.0500 replay=5000 target_updates=89 patience=0/20 elapsed=2174s eta=8698s
cycle 30/100 reward_avg=+5.5874 val_reward=+0.4605 loss=0.002502 epsilon=0.0500 replay=5000 target_updates=133 patience=2/20 elapsed=3211s eta=7492s
cycle 40/100 reward_avg=+8.5695 val_reward=+0.0355 loss=0.002751 epsilon=0.0500 replay=5000 target_updates=178 patience=12/20 elapsed=4097s eta=6145s
cycle 50/100 reward_avg=+8.9381 val_reward=-0.1435 loss=0.002703 epsilon=0.0500 replay=5000 target_updates=222 patience=8/20 elapsed=4919s eta=4919s
cycle 60/100 reward_avg=+9.5252 val_reward=+0.5201 loss=0.002795 epsilon=0.0500 replay=5000 target_updates=267 patience=18/20 elapsed=5728s eta=3819s
Early stopping at cycle 61: val_reward=+0.1242 best=+0.5443
Saved checkpoint: /home/congge2026/.openclaw/workspace/IEOR4733_Project/drl/dqn/models/Fixed_Income/r1/20260427T221408_s0/checkpoint.pt
Saved logs: /home/congge2026/.openclaw/workspace/IEOR4733_Project/drl/dqn/models/Fixed_Income/r1/20260427T221408_s0
