======================================================================
DQN Asset-Class Training — Commodity — r2
Train: 2005-01-01 ~ 2015-12-31
Test : 2016-01-01 ~ 2019-12-31
Contracts: 24/24 loaded | Device: cuda
Val envs: 24/24 contracts
Model bundle: /home/congge2026/.openclaw/workspace/IEOR4733_Project/drl/dqn/models/Commodity/r2/20260428T094917_s0
State spec: structural_38_close_norm_7d
DQN stabilizers [49]/[18]/[50]: fixed Q-targets, Double DQN, Dueling DQN; target hard-copy every 1000 learn steps; dropout 0.2
Validation: 10% split, early stopping patience=20
--- Env construction ---
  CC: train=[252..2486] (2234 steps)
  CC: val=[2426..2763] (337 steps)
  DA: train=[252..2485] (2233 steps)
  DA: val=[2425..2762] (337 steps)
  GI: train=[252..2493] (2241 steps)
  GI: val=[2433..2770] (337 steps)
  JO: train=[252..2487] (2235 steps)
  JO: val=[2427..2764] (337 steps)
  KC: train=[252..2486] (2234 steps)
  KC: val=[2426..2763] (337 steps)
  KW: train=[252..2493] (2241 steps)
  KW: val=[2433..2770] (337 steps)
  LB: train=[252..2490] (2238 steps)
  LB: val=[2430..2767] (337 steps)
  NR: train=[252..2493] (2241 steps)
  NR: val=[2433..2770] (337 steps)
  SB: train=[252..2486] (2234 steps)
  SB: val=[2426..2763] (337 steps)
  ZC: train=[252..2493] (2241 steps)
  ZC: val=[2433..2771] (338 steps)
  ZF: train=[252..2493] (2241 steps)
  ZF: val=[2433..2770] (337 steps)
  ZG: train=[252..2492] (2240 steps)
  ZG: val=[2432..2769] (337 steps)
  ZH: train=[252..2490] (2238 steps)
  ZH: val=[2430..2767] (337 steps)
  ZI: train=[252..2492] (2240 steps)
  ZI: val=[2432..2769] (337 steps)
  ZK: train=[252..2491] (2239 steps)
  ZK: val=[2431..2768] (337 steps)
  ZL: train=[252..2493] (2241 steps)
  ZL: val=[2433..2771] (338 steps)
  ZO: train=[252..2492] (2240 steps)
  ZO: val=[2432..2769] (337 steps)
  ZP: train=[252..2492] (2240 steps)
  ZP: val=[2432..2769] (337 steps)
  ZR: train=[252..2493] (2241 steps)
  ZR: val=[2433..2771] (338 steps)
  ZT: train=[252..2493] (2241 steps)
  ZT: val=[2433..2770] (337 steps)
  ZU: train=[252..2488] (2236 steps)
  ZU: val=[2428..2765] (337 steps)
  ZW: train=[252..2493] (2241 steps)
  ZW: val=[2433..2771] (338 steps)
  ZZ: train=[252..2493] (2241 steps)
  ZZ: val=[2433..2770] (337 steps)
  ZN: train=[252..2489] (2237 steps)
  ZN: val=[2429..2766] (337 steps)
--- Data sanity: all contracts OK ---
Agent: DuelingDQNLSTM | params=31,876 (trainable=31,876)
Device: cuda | CUDA available: True
GPU: NVIDIA GB10 | mem=130.7GB
--- Preflight: all envs OK (reset + step + reward) ---
======================================================================
cycle 1/200 reward_avg=-4.3338 val_reward=+0.0000 loss=0.002072 epsilon=0.1200 replay=5000 target_updates=35 patience=0/20 elapsed=335s eta=66613s
  ⚠️  cycle 1: replay buffer full (5000/5000) in first cycle
cycle 20/200 reward_avg=-2.9410 val_reward=-0.6936 loss=0.001282 epsilon=0.0500 replay=5000 target_updates=719 patience=7/20 elapsed=6871s eta=61836s
Early stopping at cycle 32: val_reward=-1.9713 best=+0.0318
Saved checkpoint: /home/congge2026/.openclaw/workspace/IEOR4733_Project/drl/dqn/models/Commodity/r2/20260428T094917_s0/checkpoint.pt
Saved logs: /home/congge2026/.openclaw/workspace/IEOR4733_Project/drl/dqn/models/Commodity/r2/20260428T094917_s0
