======================================================================
DQN Asset-Class Training — Commodity — r2
Train: 2005-01-01 ~ 2015-12-31
Test : 2016-01-01 ~ 2019-12-31
Contracts: 24/24 loaded | Device: cuda
Val envs: 24/24 contracts
Model bundle: /home/congge2026/.openclaw/workspace/IEOR4733_Project/drl/dqn/models/Commodity/r2/bp1_20260506T191936_s42
State spec: structural_38_close_norm_9d
DQN stabilizers [49]/[18]/[50]: fixed Q-targets, Double DQN, Dueling DQN; target hard-copy every 1000 learn steps; dropout 0.2
Validation: 10% split, early stopping patience=20, epsilon: 0.30→0.010 over 5,372,800 steps, epsilon_val=0.0
--- Env construction ---
  CC: train_dates=[2005-01-06T00:00:00.000000..2015-12-31T00:00:00.000000] train_env=[252..2486] (2234 steps)
  CC: val_dates=[2014-09-02T00:00:00.000000..2015-12-31T00:00:00.000000] val_env=[2426..2763] (337 steps) test_dates=[2016-01-01..2019-12-31] test_idx=[2763..3769]
  DA: train_dates=[2005-01-06T00:00:00.000000..2015-12-31T00:00:00.000000] train_env=[252..2485] (2233 steps)
  DA: val_dates=[2014-08-29T00:00:00.000000..2015-12-31T00:00:00.000000] val_env=[2425..2762] (337 steps) test_dates=[2016-01-01..2019-12-31] test_idx=[2762..3766]
  GI: train_dates=[2005-01-03T00:00:00.000000..2015-12-31T00:00:00.000000] train_env=[252..2493] (2241 steps)
  GI: val_dates=[2014-09-02T00:00:00.000000..2015-12-31T00:00:00.000000] val_env=[2433..2770] (337 steps) test_dates=[2016-01-01..2019-12-31] test_idx=[2770..3776]
  JO: train_dates=[2005-01-06T00:00:00.000000..2015-12-31T00:00:00.000000] train_env=[252..2487] (2235 steps)
  JO: val_dates=[2014-09-02T00:00:00.000000..2015-12-31T00:00:00.000000] val_env=[2427..2764] (337 steps) test_dates=[2016-01-01..2019-12-31] test_idx=[2764..3770]
  KC: train_dates=[2005-01-06T00:00:00.000000..2015-12-31T00:00:00.000000] train_env=[252..2486] (2234 steps)
  KC: val_dates=[2014-09-02T00:00:00.000000..2015-12-31T00:00:00.000000] val_env=[2426..2763] (337 steps) test_dates=[2016-01-01..2019-12-31] test_idx=[2763..3769]
  KW: train_dates=[2005-01-04T00:00:00.000000..2015-12-31T00:00:00.000000] train_env=[252..2493] (2241 steps)
  KW: val_dates=[2014-09-02T00:00:00.000000..2015-12-31T00:00:00.000000] val_env=[2433..2770] (337 steps) test_dates=[2016-01-01..2019-12-31] test_idx=[2770..3776]
  LB: train_dates=[2005-01-04T00:00:00.000000..2015-12-31T00:00:00.000000] train_env=[252..2490] (2238 steps)
  LB: val_dates=[2014-08-27T00:00:00.000000..2015-12-31T00:00:00.000000] val_env=[2430..2767] (337 steps) test_dates=[2016-01-01..2019-12-31] test_idx=[2767..3773]
  NR: train_dates=[2005-01-04T00:00:00.000000..2015-12-31T00:00:00.000000] train_env=[252..2493] (2241 steps)
  NR: val_dates=[2014-09-02T00:00:00.000000..2015-12-31T00:00:00.000000] val_env=[2433..2770] (337 steps) test_dates=[2016-01-01..2019-12-31] test_idx=[2770..3774]
  SB: train_dates=[2005-01-06T00:00:00.000000..2015-12-31T00:00:00.000000] train_env=[252..2486] (2234 steps)
  SB: val_dates=[2014-09-02T00:00:00.000000..2015-12-31T00:00:00.000000] val_env=[2426..2763] (337 steps) test_dates=[2016-01-01..2019-12-31] test_idx=[2763..3769]
  ZC: train_dates=[2005-01-04T00:00:00.000000..2015-12-31T00:00:00.000000] train_env=[252..2493] (2241 steps)
  ZC: val_dates=[2014-08-29T00:00:00.000000..2015-12-31T00:00:00.000000] val_env=[2433..2771] (338 steps) test_dates=[2016-01-01..2019-12-31] test_idx=[2771..3777]
  ZF: train_dates=[2005-01-04T00:00:00.000000..2015-12-31T00:00:00.000000] train_env=[252..2493] (2241 steps)
  ZF: val_dates=[2014-09-02T00:00:00.000000..2015-12-31T00:00:00.000000] val_env=[2433..2770] (337 steps) test_dates=[2016-01-01..2019-12-31] test_idx=[2770..3776]
  ZG: train_dates=[2005-01-06T00:00:00.000000..2015-12-31T00:00:00.000000] train_env=[252..2492] (2240 steps)
  ZG: val_dates=[2014-09-02T00:00:00.000000..2015-12-31T00:00:00.000000] val_env=[2432..2769] (337 steps) test_dates=[2016-01-01..2019-12-31] test_idx=[2769..3775]
  ZH: train_dates=[2005-01-06T00:00:00.000000..2015-12-31T00:00:00.000000] train_env=[252..2490] (2238 steps)
  ZH: val_dates=[2014-09-02T00:00:00.000000..2015-12-31T00:00:00.000000] val_env=[2430..2767] (337 steps) test_dates=[2016-01-01..2019-12-31] test_idx=[2767..3773]
  ZI: train_dates=[2005-01-06T00:00:00.000000..2015-12-31T00:00:00.000000] train_env=[252..2492] (2240 steps)
  ZI: val_dates=[2014-09-02T00:00:00.000000..2015-12-31T00:00:00.000000] val_env=[2432..2769] (337 steps) test_dates=[2016-01-01..2019-12-31] test_idx=[2769..3775]
  ZK: train_dates=[2005-01-06T00:00:00.000000..2015-12-31T00:00:00.000000] train_env=[252..2491] (2239 steps)
  ZK: val_dates=[2014-09-02T00:00:00.000000..2015-12-31T00:00:00.000000] val_env=[2431..2768] (337 steps) test_dates=[2016-01-01..2019-12-31] test_idx=[2768..3774]
  ZL: train_dates=[2005-01-04T00:00:00.000000..2015-12-31T00:00:00.000000] train_env=[252..2493] (2241 steps)
  ZL: val_dates=[2014-08-29T00:00:00.000000..2015-12-31T00:00:00.000000] val_env=[2433..2771] (338 steps) test_dates=[2016-01-01..2019-12-31] test_idx=[2771..3777]
  ZO: train_dates=[2005-01-04T00:00:00.000000..2015-12-31T00:00:00.000000] train_env=[252..2492] (2240 steps)
  ZO: val_dates=[2014-09-02T00:00:00.000000..2015-12-31T00:00:00.000000] val_env=[2432..2769] (337 steps) test_dates=[2016-01-01..2019-12-31] test_idx=[2769..3775]
  ZP: train_dates=[2005-01-06T00:00:00.000000..2015-12-31T00:00:00.000000] train_env=[252..2492] (2240 steps)
  ZP: val_dates=[2014-09-02T00:00:00.000000..2015-12-31T00:00:00.000000] val_env=[2432..2769] (337 steps) test_dates=[2016-01-01..2019-12-31] test_idx=[2769..3775]
  ZR: train_dates=[2005-01-04T00:00:00.000000..2015-12-31T00:00:00.000000] train_env=[252..2493] (2241 steps)
  ZR: val_dates=[2014-08-29T00:00:00.000000..2015-12-31T00:00:00.000000] val_env=[2433..2771] (338 steps) test_dates=[2016-01-01..2019-12-31] test_idx=[2771..3777]
  ZT: train_dates=[2005-01-04T00:00:00.000000..2015-12-31T00:00:00.000000] train_env=[252..2493] (2241 steps)
  ZT: val_dates=[2014-09-02T00:00:00.000000..2015-12-31T00:00:00.000000] val_env=[2433..2770] (337 steps) test_dates=[2016-01-01..2019-12-31] test_idx=[2770..3776]
  ZU: train_dates=[2005-01-06T00:00:00.000000..2015-12-31T00:00:00.000000] train_env=[252..2488] (2236 steps)
  ZU: val_dates=[2014-09-02T00:00:00.000000..2015-12-31T00:00:00.000000] val_env=[2428..2765] (337 steps) test_dates=[2016-01-01..2019-12-31] test_idx=[2765..3771]
  ZW: train_dates=[2005-01-04T00:00:00.000000..2015-12-31T00:00:00.000000] train_env=[252..2493] (2241 steps)
  ZW: val_dates=[2014-08-29T00:00:00.000000..2015-12-31T00:00:00.000000] val_env=[2433..2771] (338 steps) test_dates=[2016-01-01..2019-12-31] test_idx=[2771..3777]
  ZZ: train_dates=[2005-01-04T00:00:00.000000..2015-12-31T00:00:00.000000] train_env=[252..2493] (2241 steps)
  ZZ: val_dates=[2014-09-02T00:00:00.000000..2015-12-31T00:00:00.000000] val_env=[2433..2770] (337 steps) test_dates=[2016-01-01..2019-12-31] test_idx=[2770..3776]
  ZN: train_dates=[2005-01-06T00:00:00.000000..2015-12-31T00:00:00.000000] train_env=[252..2489] (2237 steps)
  ZN: val_dates=[2014-09-02T00:00:00.000000..2015-12-31T00:00:00.000000] val_env=[2429..2766] (337 steps) test_dates=[2016-01-01..2019-12-31] test_idx=[2766..3772]
--- Data sanity: all contracts OK ---
Agent: DuelingDQNLSTM | params=31,876 (trainable=31,876)
Device: cuda | CUDA available: True
GPU: NVIDIA GB10 | mem=130.7GB
--- Preflight: all envs OK (reset + step + reward) ---
======================================================================
cycle 1/100 reward_avg=-0.6250 val_reward=+0.2330 val_actions=[L:41% S:54% F:5%] loss=0.002309 epsilon=0.2900 replay=5000 target_updates=12 patience=0/20 elapsed=85s eta=8396s
  ⚠️  cycle 1: replay buffer full (5000/5000) in first cycle
cycle 2/100 reward_avg=+1.2028 val_reward=+0.4610 val_actions=[L:35% S:63% F:2%] loss=0.002695 epsilon=0.2800 replay=5000 target_updates=25 patience=0/20 elapsed=177s eta=8657s
cycle 3/100 reward_avg=+1.4200 val_reward=+0.0050 val_actions=[L:40% S:25% F:34%] loss=0.002628 epsilon=0.2700 replay=5000 target_updates=39 patience=0/20 elapsed=268s eta=8664s
cycle 4/100 reward_avg=+0.3329 val_reward=+0.0942 val_actions=[L:31% S:16% F:53%] loss=0.002448 epsilon=0.2600 replay=5000 target_updates=52 patience=1/20 elapsed=360s eta=8645s
cycle 5/100 reward_avg=+1.0690 val_reward=-0.3386 val_actions=[L:66% S:17% F:17%] loss=0.002479 epsilon=0.2500 replay=5000 target_updates=65 patience=2/20 elapsed=454s eta=8619s
cycle 6/100 reward_avg=+0.2216 val_reward=-0.2289 val_actions=[L:31% S:3% F:66%] loss=0.002302 epsilon=0.2400 replay=5000 target_updates=79 patience=3/20 elapsed=542s eta=8494s
cycle 7/100 reward_avg=-0.4218 val_reward=-0.2911 val_actions=[L:63% S:12% F:25%] loss=0.002078 epsilon=0.2300 replay=5000 target_updates=92 patience=4/20 elapsed=636s eta=8455s
cycle 8/100 reward_avg=-0.2610 val_reward=+0.1815 val_actions=[L:8% S:9% F:83%] loss=0.002033 epsilon=0.2200 replay=5000 target_updates=106 patience=5/20 elapsed=729s eta=8384s
cycle 9/100 reward_avg=+0.0160 val_reward=-0.0302 val_actions=[L:22% S:10% F:69%] loss=0.002263 epsilon=0.2100 replay=5000 target_updates=119 patience=6/20 elapsed=810s eta=8192s
cycle 10/100 reward_avg=-0.1412 val_reward=+0.0312 val_actions=[L:12% S:2% F:87%] loss=0.002071 epsilon=0.2000 replay=5000 target_updates=133 patience=7/20 elapsed=898s eta=8086s
cycle 11/100 reward_avg=-0.1886 val_reward=+0.3911 val_actions=[L:12% S:46% F:42%] loss=0.001968 epsilon=0.1900 replay=5000 target_updates=146 patience=8/20 elapsed=991s eta=8015s
cycle 12/100 reward_avg=-0.5193 val_reward=-0.0835 val_actions=[L:13% S:0% F:86%] loss=0.001673 epsilon=0.1801 replay=5000 target_updates=159 patience=9/20 elapsed=1079s eta=7914s
cycle 13/100 reward_avg=+0.4209 val_reward=-0.0367 val_actions=[L:6% S:3% F:91%] loss=0.002211 epsilon=0.1701 replay=5000 target_updates=173 patience=10/20 elapsed=1171s eta=7838s
cycle 14/100 reward_avg=+0.1404 val_reward=-0.0801 val_actions=[L:11% S:5% F:83%] loss=0.002090 epsilon=0.1601 replay=5000 target_updates=186 patience=11/20 elapsed=1263s eta=7756s
cycle 15/100 reward_avg=+0.6426 val_reward=+0.0269 val_actions=[L:14% S:3% F:82%] loss=0.001993 epsilon=0.1501 replay=5000 target_updates=200 patience=12/20 elapsed=1354s eta=7673s
cycle 16/100 reward_avg=+0.0500 val_reward=-0.4179 val_actions=[L:46% S:11% F:42%] loss=0.002162 epsilon=0.1401 replay=5000 target_updates=213 patience=13/20 elapsed=1435s eta=7535s
cycle 17/100 reward_avg=-0.1396 val_reward=+0.1975 val_actions=[L:5% S:20% F:75%] loss=0.001860 epsilon=0.1301 replay=5000 target_updates=226 patience=14/20 elapsed=1515s eta=7397s
cycle 18/100 reward_avg=-0.1566 val_reward=+0.0055 val_actions=[L:7% S:10% F:82%] loss=0.001719 epsilon=0.1201 replay=5000 target_updates=240 patience=15/20 elapsed=1592s eta=7252s
cycle 19/100 reward_avg=+0.4423 val_reward=-0.6742 val_actions=[L:51% S:5% F:44%] loss=0.001768 epsilon=0.1101 replay=5000 target_updates=253 patience=16/20 elapsed=1667s eta=7106s
cycle 20/100 reward_avg=+0.2738 val_reward=+1.2626 val_actions=[L:4% S:91% F:6%] loss=0.001629 epsilon=0.1001 replay=5000 target_updates=267 patience=17/20 elapsed=1747s eta=6987s
cycle 21/100 reward_avg=+0.4371 val_reward=+0.0614 val_actions=[L:11% S:6% F:83%] loss=0.001939 epsilon=0.0977 replay=5000 target_updates=280 patience=0/20 elapsed=1819s eta=6843s
cycle 22/100 reward_avg=-0.6750 val_reward=+0.0110 val_actions=[L:1% S:2% F:97%] loss=0.001708 epsilon=0.0954 replay=5000 target_updates=294 patience=1/20 elapsed=1897s eta=6727s
cycle 23/100 reward_avg=-0.6543 val_reward=+0.1218 val_actions=[L:8% S:8% F:85%] loss=0.000960 epsilon=0.0930 replay=5000 target_updates=307 patience=2/20 elapsed=1980s eta=6628s
cycle 24/100 reward_avg=+0.1550 val_reward=+0.2253 val_actions=[L:11% S:30% F:59%] loss=0.001312 epsilon=0.0907 replay=5000 target_updates=320 patience=3/20 elapsed=2057s eta=6514s
cycle 25/100 reward_avg=+0.2433 val_reward=+0.0349 val_actions=[L:4% S:5% F:91%] loss=0.001392 epsilon=0.0884 replay=5000 target_updates=334 patience=4/20 elapsed=2128s eta=6385s
cycle 26/100 reward_avg=-0.3922 val_reward=-0.9133 val_actions=[L:77% S:3% F:20%] loss=0.001256 epsilon=0.0860 replay=5000 target_updates=347 patience=5/20 elapsed=2209s eta=6287s
cycle 27/100 reward_avg=+0.3684 val_reward=+0.0701 val_actions=[L:4% S:5% F:91%] loss=0.001897 epsilon=0.0837 replay=5000 target_updates=361 patience=6/20 elapsed=2287s eta=6185s
cycle 28/100 reward_avg=-0.8208 val_reward=+0.1514 val_actions=[L:3% S:8% F:89%] loss=0.001375 epsilon=0.0814 replay=5000 target_updates=374 patience=7/20 elapsed=2375s eta=6108s
cycle 29/100 reward_avg=+0.0557 val_reward=-0.6873 val_actions=[L:71% S:9% F:20%] loss=0.001734 epsilon=0.0790 replay=5000 target_updates=388 patience=8/20 elapsed=2452s eta=6002s
cycle 30/100 reward_avg=-0.9532 val_reward=+0.0905 val_actions=[L:2% S:5% F:93%] loss=0.001667 epsilon=0.0767 replay=5000 target_updates=401 patience=9/20 elapsed=2525s eta=5892s
cycle 31/100 reward_avg=-0.5483 val_reward=+0.2322 val_actions=[L:5% S:15% F:80%] loss=0.001428 epsilon=0.0744 replay=5000 target_updates=414 patience=10/20 elapsed=2599s eta=5785s
cycle 32/100 reward_avg=-0.4000 val_reward=-0.2750 val_actions=[L:26% S:7% F:68%] loss=0.001031 epsilon=0.0720 replay=5000 target_updates=428 patience=11/20 elapsed=2670s eta=5673s
cycle 33/100 reward_avg=+0.8524 val_reward=-0.1546 val_actions=[L:16% S:5% F:80%] loss=0.001805 epsilon=0.0697 replay=5000 target_updates=441 patience=12/20 elapsed=2749s eta=5581s
cycle 34/100 reward_avg=+0.0356 val_reward=+0.0306 val_actions=[L:3% S:3% F:94%] loss=0.001150 epsilon=0.0674 replay=5000 target_updates=455 patience=13/20 elapsed=2823s eta=5480s
cycle 35/100 reward_avg=+0.2994 val_reward=+0.0027 val_actions=[L:5% S:2% F:93%] loss=0.002177 epsilon=0.0650 replay=5000 target_updates=468 patience=14/20 elapsed=2897s eta=5381s
cycle 36/100 reward_avg=-0.2886 val_reward=+0.0233 val_actions=[L:3% S:4% F:93%] loss=0.001649 epsilon=0.0627 replay=5000 target_updates=482 patience=15/20 elapsed=2971s eta=5281s
cycle 37/100 reward_avg=-0.2094 val_reward=-0.0637 val_actions=[L:10% S:1% F:89%] loss=0.001631 epsilon=0.0604 replay=5000 target_updates=495 patience=16/20 elapsed=3042s eta=5180s
cycle 38/100 reward_avg=-0.1639 val_reward=+0.0292 val_actions=[L:11% S:7% F:82%] loss=0.001625 epsilon=0.0580 replay=5000 target_updates=508 patience=17/20 elapsed=3116s eta=5084s
