======================================================================
DQN Asset-Class Training — Commodity — r1
Train: 2005-01-01 ~ 2010-12-31
Test : 2011-01-01 ~ 2015-12-31
Contracts: 24/24 loaded | Device: cuda
Val envs: 24/24 contracts
Model bundle: /home/congge2026/.openclaw/workspace/IEOR4733_Project/drl/dqn/models/Commodity/r1/bp1_20260506T182233_s48
State spec: structural_38_close_norm_9d
DQN stabilizers [49]/[18]/[50]: fixed Q-targets, Double DQN, Dueling DQN; target hard-copy every 1000 learn steps; dropout 0.2
Validation: 10% split, early stopping patience=20, epsilon: 0.30→0.010 over 2,652,000 steps, epsilon_val=0.0
--- Env construction ---
  CC: train_dates=[2005-01-06T00:00:00.000000..2010-12-31T00:00:00.000000] train_env=[252..1353] (1101 steps)
  CC: val_dates=[2010-03-04T00:00:00.000000..2010-12-31T00:00:00.000000] val_env=[1293..1504] (211 steps) test_dates=[2011-01-01..2015-12-31] test_idx=[1504..2762]
  DA: train_dates=[2005-01-06T00:00:00.000000..2010-12-31T00:00:00.000000] train_env=[252..1353] (1101 steps)
  DA: val_dates=[2010-03-04T00:00:00.000000..2010-12-31T00:00:00.000000] val_env=[1293..1504] (211 steps) test_dates=[2011-01-01..2015-12-31] test_idx=[1504..2761]
  GI: train_dates=[2005-01-03T00:00:00.000000..2010-12-31T00:00:00.000000] train_env=[252..1359] (1107 steps)
  GI: val_dates=[2010-03-04T00:00:00.000000..2010-12-31T00:00:00.000000] val_env=[1299..1510] (211 steps) test_dates=[2011-01-01..2015-12-31] test_idx=[1510..2769]
  JO: train_dates=[2005-01-06T00:00:00.000000..2010-12-31T00:00:00.000000] train_env=[252..1353] (1101 steps)
  JO: val_dates=[2010-03-04T00:00:00.000000..2010-12-31T00:00:00.000000] val_env=[1293..1504] (211 steps) test_dates=[2011-01-01..2015-12-31] test_idx=[1504..2763]
  KC: train_dates=[2005-01-06T00:00:00.000000..2010-12-31T00:00:00.000000] train_env=[252..1353] (1101 steps)
  KC: val_dates=[2010-03-04T00:00:00.000000..2010-12-31T00:00:00.000000] val_env=[1293..1504] (211 steps) test_dates=[2011-01-01..2015-12-31] test_idx=[1504..2762]
  KW: train_dates=[2005-01-04T00:00:00.000000..2010-12-31T00:00:00.000000] train_env=[252..1359] (1107 steps)
  KW: val_dates=[2010-03-04T00:00:00.000000..2010-12-31T00:00:00.000000] val_env=[1299..1510] (211 steps) test_dates=[2011-01-01..2015-12-31] test_idx=[1510..2769]
  LB: train_dates=[2005-01-04T00:00:00.000000..2010-12-31T00:00:00.000000] train_env=[252..1359] (1107 steps)
  LB: val_dates=[2010-03-04T00:00:00.000000..2010-12-31T00:00:00.000000] val_env=[1299..1510] (211 steps) test_dates=[2011-01-01..2015-12-31] test_idx=[1510..2766]
  NR: train_dates=[2005-01-04T00:00:00.000000..2010-12-31T00:00:00.000000] train_env=[252..1359] (1107 steps)
  NR: val_dates=[2010-03-04T00:00:00.000000..2010-12-31T00:00:00.000000] val_env=[1299..1510] (211 steps) test_dates=[2011-01-01..2015-12-31] test_idx=[1510..2769]
  SB: train_dates=[2005-01-06T00:00:00.000000..2010-12-31T00:00:00.000000] train_env=[252..1353] (1101 steps)
  SB: val_dates=[2010-03-04T00:00:00.000000..2010-12-31T00:00:00.000000] val_env=[1293..1504] (211 steps) test_dates=[2011-01-01..2015-12-31] test_idx=[1504..2762]
  ZC: train_dates=[2005-01-04T00:00:00.000000..2010-12-31T00:00:00.000000] train_env=[252..1359] (1107 steps)
  ZC: val_dates=[2010-03-03T00:00:00.000000..2010-12-31T00:00:00.000000] val_env=[1299..1511] (212 steps) test_dates=[2011-01-01..2015-12-31] test_idx=[1511..2770]
  ZF: train_dates=[2005-01-04T00:00:00.000000..2010-12-31T00:00:00.000000] train_env=[252..1359] (1107 steps)
  ZF: val_dates=[2010-03-04T00:00:00.000000..2010-12-31T00:00:00.000000] val_env=[1299..1510] (211 steps) test_dates=[2011-01-01..2015-12-31] test_idx=[1510..2769]
  ZG: train_dates=[2005-01-06T00:00:00.000000..2010-12-31T00:00:00.000000] train_env=[252..1358] (1106 steps)
  ZG: val_dates=[2010-03-04T00:00:00.000000..2010-12-31T00:00:00.000000] val_env=[1298..1509] (211 steps) test_dates=[2011-01-01..2015-12-31] test_idx=[1509..2768]
  ZH: train_dates=[2005-01-06T00:00:00.000000..2010-12-31T00:00:00.000000] train_env=[252..1356] (1104 steps)
  ZH: val_dates=[2010-03-04T00:00:00.000000..2010-12-31T00:00:00.000000] val_env=[1296..1507] (211 steps) test_dates=[2011-01-01..2015-12-31] test_idx=[1507..2766]
  ZI: train_dates=[2005-01-06T00:00:00.000000..2010-12-31T00:00:00.000000] train_env=[252..1358] (1106 steps)
  ZI: val_dates=[2010-03-04T00:00:00.000000..2010-12-31T00:00:00.000000] val_env=[1298..1509] (211 steps) test_dates=[2011-01-01..2015-12-31] test_idx=[1509..2768]
  ZK: train_dates=[2005-01-06T00:00:00.000000..2010-12-31T00:00:00.000000] train_env=[252..1357] (1105 steps)
  ZK: val_dates=[2010-03-04T00:00:00.000000..2010-12-31T00:00:00.000000] val_env=[1297..1508] (211 steps) test_dates=[2011-01-01..2015-12-31] test_idx=[1508..2767]
  ZL: train_dates=[2005-01-04T00:00:00.000000..2010-12-31T00:00:00.000000] train_env=[252..1359] (1107 steps)
  ZL: val_dates=[2010-03-03T00:00:00.000000..2010-12-31T00:00:00.000000] val_env=[1299..1511] (212 steps) test_dates=[2011-01-01..2015-12-31] test_idx=[1511..2770]
  ZO: train_dates=[2005-01-04T00:00:00.000000..2010-12-31T00:00:00.000000] train_env=[252..1358] (1106 steps)
  ZO: val_dates=[2010-03-04T00:00:00.000000..2010-12-31T00:00:00.000000] val_env=[1298..1509] (211 steps) test_dates=[2011-01-01..2015-12-31] test_idx=[1509..2768]
  ZP: train_dates=[2005-01-06T00:00:00.000000..2010-12-31T00:00:00.000000] train_env=[252..1358] (1106 steps)
  ZP: val_dates=[2010-03-04T00:00:00.000000..2010-12-31T00:00:00.000000] val_env=[1298..1509] (211 steps) test_dates=[2011-01-01..2015-12-31] test_idx=[1509..2768]
  ZR: train_dates=[2005-01-04T00:00:00.000000..2010-12-31T00:00:00.000000] train_env=[252..1359] (1107 steps)
  ZR: val_dates=[2010-03-03T00:00:00.000000..2010-12-31T00:00:00.000000] val_env=[1299..1511] (212 steps) test_dates=[2011-01-01..2015-12-31] test_idx=[1511..2770]
  ZT: train_dates=[2005-01-04T00:00:00.000000..2010-12-31T00:00:00.000000] train_env=[252..1359] (1107 steps)
  ZT: val_dates=[2010-03-04T00:00:00.000000..2010-12-31T00:00:00.000000] val_env=[1299..1510] (211 steps) test_dates=[2011-01-01..2015-12-31] test_idx=[1510..2769]
  ZU: train_dates=[2005-01-06T00:00:00.000000..2010-12-31T00:00:00.000000] train_env=[252..1354] (1102 steps)
  ZU: val_dates=[2010-03-04T00:00:00.000000..2010-12-31T00:00:00.000000] val_env=[1294..1505] (211 steps) test_dates=[2011-01-01..2015-12-31] test_idx=[1505..2764]
  ZW: train_dates=[2005-01-04T00:00:00.000000..2010-12-31T00:00:00.000000] train_env=[252..1359] (1107 steps)
  ZW: val_dates=[2010-03-03T00:00:00.000000..2010-12-31T00:00:00.000000] val_env=[1299..1511] (212 steps) test_dates=[2011-01-01..2015-12-31] test_idx=[1511..2770]
  ZZ: train_dates=[2005-01-04T00:00:00.000000..2010-12-31T00:00:00.000000] train_env=[252..1359] (1107 steps)
  ZZ: val_dates=[2010-03-04T00:00:00.000000..2010-12-31T00:00:00.000000] val_env=[1299..1510] (211 steps) test_dates=[2011-01-01..2015-12-31] test_idx=[1510..2769]
  ZN: train_dates=[2005-01-06T00:00:00.000000..2010-12-31T00:00:00.000000] train_env=[252..1355] (1103 steps)
  ZN: val_dates=[2010-03-04T00:00:00.000000..2010-12-31T00:00:00.000000] val_env=[1295..1506] (211 steps) test_dates=[2011-01-01..2015-12-31] test_idx=[1506..2765]
--- Data sanity: all contracts OK ---
Agent: DuelingDQNLSTM | params=31,876 (trainable=31,876)
Device: cuda | CUDA available: True
GPU: NVIDIA GB10 | mem=130.7GB
--- Preflight: all envs OK (reset + step + reward) ---
======================================================================
cycle 1/100 reward_avg=+0.3305 val_reward=-0.0822 val_actions=[L:39% S:28% F:32%] loss=0.002608 epsilon=0.2900 replay=5000 target_updates=5 patience=0/20 elapsed=38s eta=3807s
  ⚠️  cycle 1: replay buffer full (5000/5000) in first cycle
cycle 2/100 reward_avg=+0.5101 val_reward=+0.2425 val_actions=[L:58% S:28% F:13%] loss=0.002490 epsilon=0.2800 replay=5000 target_updates=11 patience=0/20 elapsed=85s eta=4146s
cycle 3/100 reward_avg=+0.4712 val_reward=-0.2128 val_actions=[L:5% S:34% F:61%] loss=0.002361 epsilon=0.2700 replay=5000 target_updates=18 patience=0/20 elapsed=134s eta=4318s
cycle 4/100 reward_avg=+1.2625 val_reward=-0.3214 val_actions=[L:11% S:53% F:36%] loss=0.002441 epsilon=0.2600 replay=5000 target_updates=25 patience=1/20 elapsed=180s eta=4310s
cycle 5/100 reward_avg=+0.3805 val_reward=+0.0552 val_actions=[L:28% S:29% F:43%] loss=0.002271 epsilon=0.2500 replay=5000 target_updates=31 patience=2/20 elapsed=226s eta=4291s
cycle 6/100 reward_avg=+1.0346 val_reward=-0.2607 val_actions=[L:3% S:36% F:61%] loss=0.002346 epsilon=0.2401 replay=5000 target_updates=38 patience=3/20 elapsed=272s eta=4268s
cycle 7/100 reward_avg=+1.1536 val_reward=+0.0352 val_actions=[L:35% S:27% F:38%] loss=0.002351 epsilon=0.2301 replay=5000 target_updates=45 patience=4/20 elapsed=319s eta=4240s
cycle 8/100 reward_avg=+0.9992 val_reward=+0.0713 val_actions=[L:22% S:27% F:51%] loss=0.002342 epsilon=0.2201 replay=5000 target_updates=51 patience=5/20 elapsed=366s eta=4213s
cycle 9/100 reward_avg=+0.7636 val_reward=+0.0163 val_actions=[L:28% S:22% F:50%] loss=0.001957 epsilon=0.2101 replay=5000 target_updates=58 patience=6/20 elapsed=413s eta=4174s
cycle 10/100 reward_avg=+1.4076 val_reward=+0.3263 val_actions=[L:69% S:16% F:14%] loss=0.002531 epsilon=0.2001 replay=5000 target_updates=64 patience=7/20 elapsed=459s eta=4135s
cycle 11/100 reward_avg=+1.0764 val_reward=+0.2464 val_actions=[L:45% S:25% F:30%] loss=0.002181 epsilon=0.1901 replay=5000 target_updates=71 patience=0/20 elapsed=506s eta=4095s
cycle 12/100 reward_avg=+0.7801 val_reward=-0.0243 val_actions=[L:57% S:23% F:19%] loss=0.001959 epsilon=0.1801 replay=5000 target_updates=78 patience=1/20 elapsed=553s eta=4058s
cycle 13/100 reward_avg=+1.1173 val_reward=+0.1166 val_actions=[L:30% S:22% F:48%] loss=0.002286 epsilon=0.1701 replay=5000 target_updates=84 patience=2/20 elapsed=598s eta=4001s
cycle 14/100 reward_avg=+1.4894 val_reward=+0.0151 val_actions=[L:13% S:22% F:65%] loss=0.002281 epsilon=0.1601 replay=5000 target_updates=91 patience=3/20 elapsed=645s eta=3959s
cycle 15/100 reward_avg=+1.4422 val_reward=+0.0529 val_actions=[L:43% S:24% F:33%] loss=0.001969 epsilon=0.1501 replay=5000 target_updates=98 patience=4/20 elapsed=691s eta=3917s
cycle 16/100 reward_avg=+2.2477 val_reward=+0.3673 val_actions=[L:71% S:25% F:3%] loss=0.002096 epsilon=0.1401 replay=5000 target_updates=104 patience=5/20 elapsed=739s eta=3879s
cycle 17/100 reward_avg=+1.6285 val_reward=-0.0816 val_actions=[L:20% S:20% F:59%] loss=0.002537 epsilon=0.1302 replay=5000 target_updates=111 patience=0/20 elapsed=786s eta=3839s
cycle 18/100 reward_avg=+2.1623 val_reward=+0.0354 val_actions=[L:22% S:32% F:45%] loss=0.002413 epsilon=0.1202 replay=5000 target_updates=117 patience=1/20 elapsed=832s eta=3788s
cycle 19/100 reward_avg=+2.0338 val_reward=-0.0812 val_actions=[L:23% S:21% F:56%] loss=0.002145 epsilon=0.1102 replay=5000 target_updates=124 patience=2/20 elapsed=878s eta=3742s
cycle 20/100 reward_avg=+2.4073 val_reward=-0.0607 val_actions=[L:19% S:23% F:59%] loss=0.002055 epsilon=0.1002 replay=5000 target_updates=131 patience=3/20 elapsed=924s eta=3695s
cycle 21/100 reward_avg=+2.7983 val_reward=-0.1582 val_actions=[L:18% S:55% F:27%] loss=0.001962 epsilon=0.0977 replay=5000 target_updates=137 patience=4/20 elapsed=970s eta=3650s
cycle 22/100 reward_avg=+3.0111 val_reward=+0.1626 val_actions=[L:26% S:43% F:31%] loss=0.002216 epsilon=0.0954 replay=5000 target_updates=144 patience=5/20 elapsed=1018s eta=3609s
cycle 23/100 reward_avg=+3.4171 val_reward=+0.0459 val_actions=[L:17% S:31% F:51%] loss=0.002244 epsilon=0.0930 replay=5000 target_updates=151 patience=6/20 elapsed=1066s eta=3569s
cycle 24/100 reward_avg=+2.9089 val_reward=+0.1067 val_actions=[L:26% S:28% F:47%] loss=0.001979 epsilon=0.0907 replay=5000 target_updates=157 patience=7/20 elapsed=1114s eta=3529s
cycle 25/100 reward_avg=+3.4092 val_reward=+0.4931 val_actions=[L:69% S:24% F:6%] loss=0.001966 epsilon=0.0884 replay=5000 target_updates=164 patience=8/20 elapsed=1162s eta=3487s
cycle 26/100 reward_avg=+4.2669 val_reward=+0.2340 val_actions=[L:50% S:36% F:14%] loss=0.002463 epsilon=0.0861 replay=5000 target_updates=170 patience=0/20 elapsed=1212s eta=3451s
cycle 27/100 reward_avg=+3.9778 val_reward=+0.1468 val_actions=[L:14% S:33% F:53%] loss=0.002430 epsilon=0.0837 replay=5000 target_updates=177 patience=1/20 elapsed=1261s eta=3408s
cycle 28/100 reward_avg=+4.9633 val_reward=+0.6863 val_actions=[L:64% S:32% F:4%] loss=0.002454 epsilon=0.0814 replay=5000 target_updates=184 patience=2/20 elapsed=1310s eta=3368s
cycle 29/100 reward_avg=+4.8792 val_reward=+0.1006 val_actions=[L:14% S:45% F:41%] loss=0.002329 epsilon=0.0791 replay=5000 target_updates=190 patience=0/20 elapsed=1358s eta=3325s
cycle 30/100 reward_avg=+4.9506 val_reward=+0.5563 val_actions=[L:64% S:28% F:8%] loss=0.002378 epsilon=0.0767 replay=5000 target_updates=197 patience=1/20 elapsed=1407s eta=3284s
cycle 31/100 reward_avg=+5.5570 val_reward=+0.1133 val_actions=[L:26% S:59% F:15%] loss=0.002529 epsilon=0.0744 replay=5000 target_updates=204 patience=2/20 elapsed=1454s eta=3236s
cycle 32/100 reward_avg=+5.4815 val_reward=+0.2931 val_actions=[L:24% S:34% F:43%] loss=0.002661 epsilon=0.0721 replay=5000 target_updates=210 patience=3/20 elapsed=1501s eta=3189s
cycle 33/100 reward_avg=+6.2124 val_reward=-0.0219 val_actions=[L:24% S:74% F:2%] loss=0.002582 epsilon=0.0697 replay=5000 target_updates=217 patience=4/20 elapsed=1548s eta=3143s
cycle 34/100 reward_avg=+6.2559 val_reward=+0.2522 val_actions=[L:34% S:59% F:7%] loss=0.002808 epsilon=0.0674 replay=5000 target_updates=223 patience=5/20 elapsed=1598s eta=3101s
cycle 35/100 reward_avg=+6.4386 val_reward=+0.3862 val_actions=[L:44% S:29% F:27%] loss=0.002647 epsilon=0.0651 replay=5000 target_updates=230 patience=6/20 elapsed=1648s eta=3060s
cycle 36/100 reward_avg=+7.0472 val_reward=+0.2024 val_actions=[L:27% S:44% F:29%] loss=0.002655 epsilon=0.0627 replay=5000 target_updates=237 patience=7/20 elapsed=1697s eta=3016s
cycle 37/100 reward_avg=+7.0285 val_reward=+0.2906 val_actions=[L:41% S:59% F:1%] loss=0.002705 epsilon=0.0604 replay=5000 target_updates=243 patience=8/20 elapsed=1742s eta=2966s
cycle 38/100 reward_avg=+7.3430 val_reward=+0.3840 val_actions=[L:50% S:36% F:14%] loss=0.002770 epsilon=0.0581 replay=5000 target_updates=250 patience=9/20 elapsed=1793s eta=2925s
cycle 39/100 reward_avg=+7.3201 val_reward=+0.3493 val_actions=[L:32% S:44% F:24%] loss=0.002598 epsilon=0.0557 replay=5000 target_updates=257 patience=10/20 elapsed=1842s eta=2881s
cycle 40/100 reward_avg=+7.4805 val_reward=+0.2810 val_actions=[L:38% S:33% F:29%] loss=0.002630 epsilon=0.0534 replay=5000 target_updates=263 patience=11/20 elapsed=1890s eta=2835s
cycle 41/100 reward_avg=+7.7824 val_reward=+0.2897 val_actions=[L:33% S:27% F:41%] loss=0.002665 epsilon=0.0511 replay=5000 target_updates=270 patience=12/20 elapsed=1939s eta=2790s
cycle 42/100 reward_avg=+8.2632 val_reward=+0.2766 val_actions=[L:38% S:59% F:3%] loss=0.002827 epsilon=0.0488 replay=5000 target_updates=276 patience=13/20 elapsed=1990s eta=2748s
cycle 43/100 reward_avg=+8.0029 val_reward=+0.3523 val_actions=[L:44% S:27% F:29%] loss=0.002814 epsilon=0.0464 replay=5000 target_updates=283 patience=14/20 elapsed=2030s eta=2691s
cycle 44/100 reward_avg=+8.7332 val_reward=+0.3130 val_actions=[L:34% S:32% F:35%] loss=0.002796 epsilon=0.0441 replay=5000 target_updates=290 patience=15/20 elapsed=2065s eta=2628s
cycle 45/100 reward_avg=+8.7704 val_reward=+0.1576 val_actions=[L:33% S:56% F:10%] loss=0.002841 epsilon=0.0418 replay=5000 target_updates=296 patience=16/20 elapsed=2105s eta=2573s
cycle 46/100 reward_avg=+8.6609 val_reward=+0.5063 val_actions=[L:31% S:33% F:35%] loss=0.002792 epsilon=0.0394 replay=5000 target_updates=303 patience=17/20 elapsed=2146s eta=2520s
cycle 47/100 reward_avg=+8.9595 val_reward=+0.5638 val_actions=[L:53% S:31% F:16%] loss=0.002770 epsilon=0.0371 replay=5000 target_updates=310 patience=18/20 elapsed=2186s eta=2466s
cycle 48/100 reward_avg=+9.2465 val_reward=+0.4940 val_actions=[L:56% S:36% F:8%] loss=0.002833 epsilon=0.0348 replay=5000 target_updates=316 patience=19/20 elapsed=2226s eta=2412s
Early stopping at cycle 48: val_reward=+0.4940 best=+0.6863
Saved checkpoint: /home/congge2026/.openclaw/workspace/IEOR4733_Project/drl/dqn/models/Commodity/r1/bp1_20260506T182233_s48/checkpoint.pt
Saved logs: /home/congge2026/.openclaw/workspace/IEOR4733_Project/drl/dqn/models/Commodity/r1/bp1_20260506T182233_s48

======================================================================
Training Timing Summary
======================================================================
  Data loading + env construction:     1.1s
  Preflight checks + agent init:      (included above)
  Training loop (48 cycles):            1920.2s
    avg per cycle:                      40.0s
    avg per transition:                  1.5ms
  Validation (total):                  306.1s
    avg per cycle:                       6.4s
  Total wall time:                    2227.5s
  Device: cuda   | Params: 31,876
  Transitions: 1,271,808 | Learn steps: 316,703
  Contracts: 24 | Stopped: early
======================================================================
