======================================================================
DQN Asset-Class Training — Forex — r1
Train: 2005-01-01 ~ 2010-12-31
Test : 2011-01-01 ~ 2015-12-31
Contracts: 9/9 loaded | Device: cuda
Val envs: 9/9 contracts
Model bundle: /home/congge2026/.openclaw/workspace/IEOR4733_Project/drl/dqn/models/Forex/r1/bp1_20260506T174947_s50
State spec: structural_38_close_norm_9d
DQN stabilizers [49]/[18]/[50]: fixed Q-targets, Double DQN, Dueling DQN; target hard-copy every 1000 learn steps; dropout 0.2
Validation: 10% split, early stopping patience=20, epsilon: 0.30→0.010 over 998,600 steps, epsilon_val=0.0
--- Env construction ---
  AN: train_dates=[2005-01-03T00:00:00.000000..2010-12-31T00:00:00.000000] train_env=[252..1365] (1113 steps)
  AN: val_dates=[2010-03-04T00:00:00.000000..2010-12-31T00:00:00.000000] val_env=[1305..1517] (212 steps) test_dates=[2011-01-01..2015-12-31] test_idx=[1517..2778]
  BN: train_dates=[2005-01-03T00:00:00.000000..2010-12-31T00:00:00.000000] train_env=[252..1364] (1112 steps)
  BN: val_dates=[2010-03-04T00:00:00.000000..2010-12-31T00:00:00.000000] val_env=[1304..1516] (212 steps) test_dates=[2011-01-01..2015-12-31] test_idx=[1516..2777]
  CN: train_dates=[2005-01-05T00:00:00.000000..2010-12-31T00:00:00.000000] train_env=[252..1357] (1105 steps)
  CN: val_dates=[2010-03-05T00:00:00.000000..2010-12-31T00:00:00.000000] val_env=[1297..1508] (211 steps) test_dates=[2011-01-01..2015-12-31] test_idx=[1508..2769]
  DX: train_dates=[2005-01-05T00:00:00.000000..2010-12-31T00:00:00.000000] train_env=[252..1368] (1116 steps)
  DX: val_dates=[2010-03-09T00:00:00.000000..2010-12-31T00:00:00.000000] val_env=[1308..1520] (212 steps) test_dates=[2011-01-01..2015-12-31] test_idx=[1520..2802]
  FN: train_dates=[2005-01-05T00:00:00.000000..2010-12-31T00:00:00.000000] train_env=[252..1358] (1106 steps)
  FN: val_dates=[2010-03-05T00:00:00.000000..2010-12-31T00:00:00.000000] val_env=[1298..1509] (211 steps) test_dates=[2011-01-01..2015-12-31] test_idx=[1509..2769]
  JN: train_dates=[2005-01-05T00:00:00.000000..2010-12-31T00:00:00.000000] train_env=[252..1359] (1107 steps)
  JN: val_dates=[2010-03-04T00:00:00.000000..2010-12-31T00:00:00.000000] val_env=[1299..1511] (212 steps) test_dates=[2011-01-01..2015-12-31] test_idx=[1511..2772]
  MP: train_dates=[2005-01-05T00:00:00.000000..2010-12-31T00:00:00.000000] train_env=[252..1356] (1104 steps)
  MP: val_dates=[2010-03-05T00:00:00.000000..2010-12-31T00:00:00.000000] val_env=[1296..1507] (211 steps) test_dates=[2011-01-01..2015-12-31] test_idx=[1507..2761]
  NK: train_dates=[2005-01-03T00:00:00.000000..2010-12-31T00:00:00.000000] train_env=[252..1368] (1116 steps)
  NK: val_dates=[2010-03-10T00:00:00.000000..2010-12-31T00:00:00.000000] val_env=[1308..1520] (212 steps) test_dates=[2011-01-01..2015-12-31] test_idx=[1520..2809]
  SN: train_dates=[2005-01-05T00:00:00.000000..2010-12-31T00:00:00.000000] train_env=[252..1359] (1107 steps)
  SN: val_dates=[2010-03-04T00:00:00.000000..2010-12-31T00:00:00.000000] val_env=[1299..1511] (212 steps) test_dates=[2011-01-01..2015-12-31] test_idx=[1511..2772]
--- Data sanity: all contracts OK ---
Agent: DuelingDQNLSTM | params=31,876 (trainable=31,876)
Device: cuda | CUDA available: True
GPU: NVIDIA GB10 | mem=130.7GB
--- Preflight: all envs OK (reset + step + reward) ---
======================================================================
