======================================================================
DQN Asset-Class Training — Equity Index — r1
Train: 2005-01-01 ~ 2010-12-31
Test : 2011-01-01 ~ 2015-12-31
Contracts: 11/11 loaded | Device: cuda
Val envs: 11/11 contracts
Model bundle: /home/congge2026/.openclaw/workspace/IEOR4733_Project/drl/dqn/models/Equity_Index/r1/20260427T221408_s4
State spec: structural_38_close_norm_7d
DQN stabilizers [49]/[18]/[50]: fixed Q-targets, Double DQN, Dueling DQN; target hard-copy every 1000 learn steps; dropout 0.2
Validation: 10% split, early stopping patience=20
--- Env construction ---
  CA: train=[252..1387] (1135 steps)
  CA: val=[1327..1542] (215 steps)
  EN: train=[252..1360] (1108 steps)
  EN: val=[1300..1512] (212 steps)
  ER: train=[252..1361] (1109 steps)
  ER: val=[1301..1513] (212 steps)
  ES: train=[252..1361] (1109 steps)
  ES: val=[1301..1513] (212 steps)
  LX: train=[252..1370] (1118 steps)
  LX: val=[1310..1523] (213 steps)
  MD: train=[252..1359] (1107 steps)
  MD: val=[1299..1511] (212 steps)
  SC: train=[252..1360] (1108 steps)
  SC: val=[1300..1512] (212 steps)
  SP: train=[252..1359] (1107 steps)
  SP: val=[1299..1511] (212 steps)
  XU: train=[252..1379] (1127 steps)
  XU: val=[1319..1533] (214 steps)
  XX: train=[252..1379] (1127 steps)
  XX: val=[1319..1533] (214 steps)
  YM: train=[252..1361] (1109 steps)
  YM: val=[1301..1513] (212 steps)
--- Data sanity: all contracts OK ---
Agent: DuelingDQNLSTM | params=31,876 (trainable=31,876)
Device: cuda | CUDA available: True
GPU: NVIDIA GB10 | mem=130.7GB
--- Preflight: all envs OK (reset + step + reward) ---
======================================================================
cycle 1/100 reward_avg=-3.6219 val_reward=+0.0000 loss=0.002796 epsilon=0.2387 replay=5000 target_updates=12 patience=0/20 elapsed=278s eta=27497s
  ⚠️  cycle 1: replay buffer full (5000/5000) in first cycle
cycle 10/100 reward_avg=+14.3658 val_reward=+1.2815 loss=0.003047 epsilon=0.0500 replay=5000 target_updates=122 patience=1/20 elapsed=2958s eta=26626s
cycle 20/100 reward_avg=+18.7185 val_reward=+1.4448 loss=0.002551 epsilon=0.0500 replay=5000 target_updates=244 patience=2/20 elapsed=5309s eta=21237s
cycle 30/100 reward_avg=+21.8817 val_reward=+1.6703 loss=0.002166 epsilon=0.0500 replay=5000 target_updates=367 patience=1/20 elapsed=7381s eta=17221s
cycle 40/100 reward_avg=+23.1741 val_reward=+1.8674 loss=0.001833 epsilon=0.0500 replay=5000 target_updates=490 patience=3/20 elapsed=9243s eta=13864s
cycle 50/100 reward_avg=+25.1753 val_reward=+1.5896 loss=0.001705 epsilon=0.0500 replay=5000 target_updates=612 patience=13/20 elapsed=10922s eta=10922s
cycle 60/100 reward_avg=+25.0882 val_reward=+2.0143 loss=0.001504 epsilon=0.0500 replay=5000 target_updates=735 patience=0/20 elapsed=11854s eta=7903s
cycle 70/100 reward_avg=+26.7210 val_reward=+1.8787 loss=0.001429 epsilon=0.0500 replay=5000 target_updates=857 patience=7/20 elapsed=12363s eta=5298s
cycle 80/100 reward_avg=+27.5402 val_reward=+1.7848 loss=0.001236 epsilon=0.0500 replay=5000 target_updates=980 patience=17/20 elapsed=12757s eta=3189s
Early stopping at cycle 82: val_reward=+1.9124 best=+2.0169
Saved checkpoint: /home/congge2026/.openclaw/workspace/IEOR4733_Project/drl/dqn/models/Equity_Index/r1/20260427T221408_s4/checkpoint.pt
Saved logs: /home/congge2026/.openclaw/workspace/IEOR4733_Project/drl/dqn/models/Equity_Index/r1/20260427T221408_s4
