======================================================================
DQN Asset-Class Training — Commodity — r1
Train: 2005-01-01 ~ 2010-12-31
Test : 2011-01-01 ~ 2015-12-31
Contracts: 24/24 loaded | Device: cuda
Val envs: 24/24 contracts
Model bundle: /home/congge2026/.openclaw/workspace/IEOR4733_Project/drl/dqn/models/Commodity/r1/bp1_20260506T182233_s49
State spec: structural_38_close_norm_9d
DQN stabilizers [49]/[18]/[50]: fixed Q-targets, Double DQN, Dueling DQN; target hard-copy every 1000 learn steps; dropout 0.2
Validation: 10% split, early stopping patience=20, epsilon: 0.30→0.010 over 2,652,000 steps, epsilon_val=0.0
--- Env construction ---
  CC: train_dates=[2005-01-06T00:00:00.000000..2010-12-31T00:00:00.000000] train_env=[252..1353] (1101 steps)
  CC: val_dates=[2010-03-04T00:00:00.000000..2010-12-31T00:00:00.000000] val_env=[1293..1504] (211 steps) test_dates=[2011-01-01..2015-12-31] test_idx=[1504..2762]
  DA: train_dates=[2005-01-06T00:00:00.000000..2010-12-31T00:00:00.000000] train_env=[252..1353] (1101 steps)
  DA: val_dates=[2010-03-04T00:00:00.000000..2010-12-31T00:00:00.000000] val_env=[1293..1504] (211 steps) test_dates=[2011-01-01..2015-12-31] test_idx=[1504..2761]
  GI: train_dates=[2005-01-03T00:00:00.000000..2010-12-31T00:00:00.000000] train_env=[252..1359] (1107 steps)
  GI: val_dates=[2010-03-04T00:00:00.000000..2010-12-31T00:00:00.000000] val_env=[1299..1510] (211 steps) test_dates=[2011-01-01..2015-12-31] test_idx=[1510..2769]
  JO: train_dates=[2005-01-06T00:00:00.000000..2010-12-31T00:00:00.000000] train_env=[252..1353] (1101 steps)
  JO: val_dates=[2010-03-04T00:00:00.000000..2010-12-31T00:00:00.000000] val_env=[1293..1504] (211 steps) test_dates=[2011-01-01..2015-12-31] test_idx=[1504..2763]
  KC: train_dates=[2005-01-06T00:00:00.000000..2010-12-31T00:00:00.000000] train_env=[252..1353] (1101 steps)
  KC: val_dates=[2010-03-04T00:00:00.000000..2010-12-31T00:00:00.000000] val_env=[1293..1504] (211 steps) test_dates=[2011-01-01..2015-12-31] test_idx=[1504..2762]
  KW: train_dates=[2005-01-04T00:00:00.000000..2010-12-31T00:00:00.000000] train_env=[252..1359] (1107 steps)
  KW: val_dates=[2010-03-04T00:00:00.000000..2010-12-31T00:00:00.000000] val_env=[1299..1510] (211 steps) test_dates=[2011-01-01..2015-12-31] test_idx=[1510..2769]
  LB: train_dates=[2005-01-04T00:00:00.000000..2010-12-31T00:00:00.000000] train_env=[252..1359] (1107 steps)
  LB: val_dates=[2010-03-04T00:00:00.000000..2010-12-31T00:00:00.000000] val_env=[1299..1510] (211 steps) test_dates=[2011-01-01..2015-12-31] test_idx=[1510..2766]
  NR: train_dates=[2005-01-04T00:00:00.000000..2010-12-31T00:00:00.000000] train_env=[252..1359] (1107 steps)
  NR: val_dates=[2010-03-04T00:00:00.000000..2010-12-31T00:00:00.000000] val_env=[1299..1510] (211 steps) test_dates=[2011-01-01..2015-12-31] test_idx=[1510..2769]
  SB: train_dates=[2005-01-06T00:00:00.000000..2010-12-31T00:00:00.000000] train_env=[252..1353] (1101 steps)
  SB: val_dates=[2010-03-04T00:00:00.000000..2010-12-31T00:00:00.000000] val_env=[1293..1504] (211 steps) test_dates=[2011-01-01..2015-12-31] test_idx=[1504..2762]
  ZC: train_dates=[2005-01-04T00:00:00.000000..2010-12-31T00:00:00.000000] train_env=[252..1359] (1107 steps)
  ZC: val_dates=[2010-03-03T00:00:00.000000..2010-12-31T00:00:00.000000] val_env=[1299..1511] (212 steps) test_dates=[2011-01-01..2015-12-31] test_idx=[1511..2770]
  ZF: train_dates=[2005-01-04T00:00:00.000000..2010-12-31T00:00:00.000000] train_env=[252..1359] (1107 steps)
  ZF: val_dates=[2010-03-04T00:00:00.000000..2010-12-31T00:00:00.000000] val_env=[1299..1510] (211 steps) test_dates=[2011-01-01..2015-12-31] test_idx=[1510..2769]
  ZG: train_dates=[2005-01-06T00:00:00.000000..2010-12-31T00:00:00.000000] train_env=[252..1358] (1106 steps)
  ZG: val_dates=[2010-03-04T00:00:00.000000..2010-12-31T00:00:00.000000] val_env=[1298..1509] (211 steps) test_dates=[2011-01-01..2015-12-31] test_idx=[1509..2768]
  ZH: train_dates=[2005-01-06T00:00:00.000000..2010-12-31T00:00:00.000000] train_env=[252..1356] (1104 steps)
  ZH: val_dates=[2010-03-04T00:00:00.000000..2010-12-31T00:00:00.000000] val_env=[1296..1507] (211 steps) test_dates=[2011-01-01..2015-12-31] test_idx=[1507..2766]
  ZI: train_dates=[2005-01-06T00:00:00.000000..2010-12-31T00:00:00.000000] train_env=[252..1358] (1106 steps)
  ZI: val_dates=[2010-03-04T00:00:00.000000..2010-12-31T00:00:00.000000] val_env=[1298..1509] (211 steps) test_dates=[2011-01-01..2015-12-31] test_idx=[1509..2768]
  ZK: train_dates=[2005-01-06T00:00:00.000000..2010-12-31T00:00:00.000000] train_env=[252..1357] (1105 steps)
  ZK: val_dates=[2010-03-04T00:00:00.000000..2010-12-31T00:00:00.000000] val_env=[1297..1508] (211 steps) test_dates=[2011-01-01..2015-12-31] test_idx=[1508..2767]
  ZL: train_dates=[2005-01-04T00:00:00.000000..2010-12-31T00:00:00.000000] train_env=[252..1359] (1107 steps)
  ZL: val_dates=[2010-03-03T00:00:00.000000..2010-12-31T00:00:00.000000] val_env=[1299..1511] (212 steps) test_dates=[2011-01-01..2015-12-31] test_idx=[1511..2770]
  ZO: train_dates=[2005-01-04T00:00:00.000000..2010-12-31T00:00:00.000000] train_env=[252..1358] (1106 steps)
  ZO: val_dates=[2010-03-04T00:00:00.000000..2010-12-31T00:00:00.000000] val_env=[1298..1509] (211 steps) test_dates=[2011-01-01..2015-12-31] test_idx=[1509..2768]
  ZP: train_dates=[2005-01-06T00:00:00.000000..2010-12-31T00:00:00.000000] train_env=[252..1358] (1106 steps)
  ZP: val_dates=[2010-03-04T00:00:00.000000..2010-12-31T00:00:00.000000] val_env=[1298..1509] (211 steps) test_dates=[2011-01-01..2015-12-31] test_idx=[1509..2768]
  ZR: train_dates=[2005-01-04T00:00:00.000000..2010-12-31T00:00:00.000000] train_env=[252..1359] (1107 steps)
  ZR: val_dates=[2010-03-03T00:00:00.000000..2010-12-31T00:00:00.000000] val_env=[1299..1511] (212 steps) test_dates=[2011-01-01..2015-12-31] test_idx=[1511..2770]
  ZT: train_dates=[2005-01-04T00:00:00.000000..2010-12-31T00:00:00.000000] train_env=[252..1359] (1107 steps)
  ZT: val_dates=[2010-03-04T00:00:00.000000..2010-12-31T00:00:00.000000] val_env=[1299..1510] (211 steps) test_dates=[2011-01-01..2015-12-31] test_idx=[1510..2769]
  ZU: train_dates=[2005-01-06T00:00:00.000000..2010-12-31T00:00:00.000000] train_env=[252..1354] (1102 steps)
  ZU: val_dates=[2010-03-04T00:00:00.000000..2010-12-31T00:00:00.000000] val_env=[1294..1505] (211 steps) test_dates=[2011-01-01..2015-12-31] test_idx=[1505..2764]
  ZW: train_dates=[2005-01-04T00:00:00.000000..2010-12-31T00:00:00.000000] train_env=[252..1359] (1107 steps)
  ZW: val_dates=[2010-03-03T00:00:00.000000..2010-12-31T00:00:00.000000] val_env=[1299..1511] (212 steps) test_dates=[2011-01-01..2015-12-31] test_idx=[1511..2770]
  ZZ: train_dates=[2005-01-04T00:00:00.000000..2010-12-31T00:00:00.000000] train_env=[252..1359] (1107 steps)
  ZZ: val_dates=[2010-03-04T00:00:00.000000..2010-12-31T00:00:00.000000] val_env=[1299..1510] (211 steps) test_dates=[2011-01-01..2015-12-31] test_idx=[1510..2769]
  ZN: train_dates=[2005-01-06T00:00:00.000000..2010-12-31T00:00:00.000000] train_env=[252..1355] (1103 steps)
  ZN: val_dates=[2010-03-04T00:00:00.000000..2010-12-31T00:00:00.000000] val_env=[1295..1506] (211 steps) test_dates=[2011-01-01..2015-12-31] test_idx=[1506..2765]
--- Data sanity: all contracts OK ---
Agent: DuelingDQNLSTM | params=31,876 (trainable=31,876)
Device: cuda | CUDA available: True
GPU: NVIDIA GB10 | mem=130.7GB
--- Preflight: all envs OK (reset + step + reward) ---
======================================================================
cycle 1/100 reward_avg=+0.7951 val_reward=-0.2495 val_actions=[L:29% S:44% F:27%] loss=0.002776 epsilon=0.2900 replay=5000 target_updates=5 patience=0/20 elapsed=38s eta=3802s
  ⚠️  cycle 1: replay buffer full (5000/5000) in first cycle
cycle 2/100 reward_avg=+0.6089 val_reward=-0.0796 val_actions=[L:31% S:15% F:54%] loss=0.002763 epsilon=0.2800 replay=5000 target_updates=11 patience=0/20 elapsed=85s eta=4149s
cycle 3/100 reward_avg=+0.1932 val_reward=-0.0937 val_actions=[L:18% S:32% F:49%] loss=0.002352 epsilon=0.2700 replay=5000 target_updates=18 patience=0/20 elapsed=131s eta=4235s
cycle 4/100 reward_avg=+0.6139 val_reward=-0.2417 val_actions=[L:27% S:32% F:41%] loss=0.002578 epsilon=0.2600 replay=5000 target_updates=25 patience=1/20 elapsed=176s eta=4232s
cycle 5/100 reward_avg=+0.6967 val_reward=-0.1747 val_actions=[L:20% S:42% F:37%] loss=0.002569 epsilon=0.2500 replay=5000 target_updates=31 patience=2/20 elapsed=224s eta=4255s
cycle 6/100 reward_avg=+0.6486 val_reward=-0.1627 val_actions=[L:26% S:52% F:22%] loss=0.002381 epsilon=0.2401 replay=5000 target_updates=38 patience=3/20 elapsed=270s eta=4227s
cycle 7/100 reward_avg=+1.3982 val_reward=+0.1915 val_actions=[L:50% S:30% F:20%] loss=0.002663 epsilon=0.2301 replay=5000 target_updates=45 patience=4/20 elapsed=317s eta=4213s
cycle 8/100 reward_avg=+1.9999 val_reward=+0.1632 val_actions=[L:29% S:34% F:37%] loss=0.002602 epsilon=0.2201 replay=5000 target_updates=51 patience=0/20 elapsed=366s eta=4206s
cycle 9/100 reward_avg=+1.6175 val_reward=+0.1945 val_actions=[L:46% S:31% F:23%] loss=0.002765 epsilon=0.2101 replay=5000 target_updates=58 patience=1/20 elapsed=414s eta=4188s
cycle 10/100 reward_avg=+1.6269 val_reward=+0.4753 val_actions=[L:56% S:20% F:24%] loss=0.002625 epsilon=0.2001 replay=5000 target_updates=64 patience=0/20 elapsed=460s eta=4144s
cycle 11/100 reward_avg=+2.4651 val_reward=-0.2039 val_actions=[L:27% S:65% F:8%] loss=0.002691 epsilon=0.1901 replay=5000 target_updates=71 patience=0/20 elapsed=508s eta=4109s
cycle 12/100 reward_avg=+2.0517 val_reward=+0.4976 val_actions=[L:41% S:25% F:35%] loss=0.002456 epsilon=0.1801 replay=5000 target_updates=78 patience=1/20 elapsed=556s eta=4078s
cycle 13/100 reward_avg=+2.2455 val_reward=+0.1130 val_actions=[L:24% S:51% F:24%] loss=0.002385 epsilon=0.1701 replay=5000 target_updates=84 patience=0/20 elapsed=602s eta=4027s
cycle 14/100 reward_avg=+2.2812 val_reward=+0.3012 val_actions=[L:60% S:34% F:6%] loss=0.002772 epsilon=0.1601 replay=5000 target_updates=91 patience=1/20 elapsed=647s eta=3973s
cycle 15/100 reward_avg=+2.9856 val_reward=-0.0002 val_actions=[L:21% S:40% F:39%] loss=0.002799 epsilon=0.1501 replay=5000 target_updates=98 patience=2/20 elapsed=693s eta=3927s
cycle 16/100 reward_avg=+2.6241 val_reward=+0.3755 val_actions=[L:44% S:31% F:24%] loss=0.002545 epsilon=0.1401 replay=5000 target_updates=104 patience=3/20 elapsed=741s eta=3890s
cycle 17/100 reward_avg=+3.0099 val_reward=+0.0210 val_actions=[L:15% S:31% F:54%] loss=0.002833 epsilon=0.1302 replay=5000 target_updates=111 patience=4/20 elapsed=786s eta=3837s
cycle 18/100 reward_avg=+3.5208 val_reward=+0.2996 val_actions=[L:59% S:26% F:15%] loss=0.002812 epsilon=0.1202 replay=5000 target_updates=117 patience=5/20 elapsed=830s eta=3782s
cycle 19/100 reward_avg=+3.6086 val_reward=+0.5284 val_actions=[L:59% S:24% F:16%] loss=0.002636 epsilon=0.1102 replay=5000 target_updates=124 patience=6/20 elapsed=876s eta=3736s
cycle 20/100 reward_avg=+3.5425 val_reward=+0.1135 val_actions=[L:24% S:38% F:38%] loss=0.002813 epsilon=0.1002 replay=5000 target_updates=131 patience=0/20 elapsed=925s eta=3698s
cycle 21/100 reward_avg=+4.4038 val_reward=+0.5127 val_actions=[L:69% S:26% F:5%] loss=0.002751 epsilon=0.0977 replay=5000 target_updates=137 patience=1/20 elapsed=968s eta=3643s
cycle 22/100 reward_avg=+3.8996 val_reward=+0.0890 val_actions=[L:29% S:32% F:40%] loss=0.002841 epsilon=0.0954 replay=5000 target_updates=144 patience=2/20 elapsed=1012s eta=3587s
cycle 23/100 reward_avg=+4.8402 val_reward=+0.1995 val_actions=[L:66% S:33% F:1%] loss=0.002720 epsilon=0.0930 replay=5000 target_updates=151 patience=3/20 elapsed=1058s eta=3542s
cycle 24/100 reward_avg=+4.6543 val_reward=+0.3548 val_actions=[L:54% S:35% F:11%] loss=0.002755 epsilon=0.0907 replay=5000 target_updates=157 patience=4/20 elapsed=1104s eta=3496s
cycle 25/100 reward_avg=+5.3571 val_reward=+0.2719 val_actions=[L:59% S:38% F:3%] loss=0.002956 epsilon=0.0884 replay=5000 target_updates=164 patience=5/20 elapsed=1150s eta=3451s
cycle 26/100 reward_avg=+5.4325 val_reward=+0.2951 val_actions=[L:66% S:30% F:4%] loss=0.003027 epsilon=0.0861 replay=5000 target_updates=170 patience=6/20 elapsed=1197s eta=3406s
cycle 27/100 reward_avg=+5.5084 val_reward=+0.4471 val_actions=[L:61% S:31% F:8%] loss=0.002931 epsilon=0.0837 replay=5000 target_updates=177 patience=7/20 elapsed=1237s eta=3346s
cycle 28/100 reward_avg=+5.9154 val_reward=+0.0478 val_actions=[L:43% S:45% F:12%] loss=0.002891 epsilon=0.0814 replay=5000 target_updates=184 patience=8/20 elapsed=1287s eta=3308s
cycle 29/100 reward_avg=+6.0977 val_reward=+0.3216 val_actions=[L:60% S:28% F:12%] loss=0.002974 epsilon=0.0791 replay=5000 target_updates=190 patience=9/20 elapsed=1331s eta=3259s
cycle 30/100 reward_avg=+6.1239 val_reward=+0.2505 val_actions=[L:55% S:34% F:12%] loss=0.002938 epsilon=0.0767 replay=5000 target_updates=197 patience=10/20 elapsed=1380s eta=3221s
cycle 31/100 reward_avg=+6.5359 val_reward=+0.1115 val_actions=[L:50% S:43% F:7%] loss=0.002769 epsilon=0.0744 replay=5000 target_updates=204 patience=11/20 elapsed=1431s eta=3185s
cycle 32/100 reward_avg=+6.8065 val_reward=+0.4415 val_actions=[L:59% S:34% F:7%] loss=0.002927 epsilon=0.0721 replay=5000 target_updates=210 patience=12/20 elapsed=1480s eta=3145s
cycle 33/100 reward_avg=+7.0691 val_reward=+0.5695 val_actions=[L:64% S:26% F:10%] loss=0.003043 epsilon=0.0697 replay=5000 target_updates=217 patience=13/20 elapsed=1527s eta=3100s
cycle 34/100 reward_avg=+7.1407 val_reward=+0.5361 val_actions=[L:65% S:26% F:9%] loss=0.002887 epsilon=0.0674 replay=5000 target_updates=223 patience=0/20 elapsed=1571s eta=3050s
cycle 35/100 reward_avg=+7.0709 val_reward=+0.5204 val_actions=[L:59% S:29% F:13%] loss=0.002816 epsilon=0.0651 replay=5000 target_updates=230 patience=1/20 elapsed=1620s eta=3009s
cycle 36/100 reward_avg=+7.2821 val_reward=+0.5271 val_actions=[L:59% S:33% F:8%] loss=0.002839 epsilon=0.0627 replay=5000 target_updates=237 patience=2/20 elapsed=1667s eta=2964s
cycle 37/100 reward_avg=+7.7356 val_reward=+0.5605 val_actions=[L:57% S:30% F:12%] loss=0.002896 epsilon=0.0604 replay=5000 target_updates=243 patience=3/20 elapsed=1717s eta=2924s
cycle 38/100 reward_avg=+7.6105 val_reward=+0.6135 val_actions=[L:60% S:29% F:11%] loss=0.002892 epsilon=0.0581 replay=5000 target_updates=250 patience=4/20 elapsed=1765s eta=2880s
cycle 39/100 reward_avg=+7.8971 val_reward=+0.4545 val_actions=[L:48% S:39% F:14%] loss=0.002949 epsilon=0.0557 replay=5000 target_updates=257 patience=0/20 elapsed=1812s eta=2835s
cycle 40/100 reward_avg=+8.4369 val_reward=+0.2491 val_actions=[L:48% S:47% F:5%] loss=0.002942 epsilon=0.0534 replay=5000 target_updates=263 patience=1/20 elapsed=1861s eta=2792s
cycle 41/100 reward_avg=+7.6480 val_reward=+0.4875 val_actions=[L:58% S:30% F:12%] loss=0.002728 epsilon=0.0511 replay=5000 target_updates=270 patience=2/20 elapsed=1909s eta=2747s
cycle 42/100 reward_avg=+8.2336 val_reward=+0.5728 val_actions=[L:58% S:32% F:10%] loss=0.002896 epsilon=0.0488 replay=5000 target_updates=276 patience=3/20 elapsed=1958s eta=2703s
cycle 43/100 reward_avg=+8.9612 val_reward=+0.3239 val_actions=[L:55% S:35% F:11%] loss=0.002964 epsilon=0.0464 replay=5000 target_updates=283 patience=4/20 elapsed=2006s eta=2660s
cycle 44/100 reward_avg=+8.5198 val_reward=+0.5028 val_actions=[L:59% S:31% F:10%] loss=0.002852 epsilon=0.0441 replay=5000 target_updates=290 patience=5/20 elapsed=2046s eta=2604s
cycle 45/100 reward_avg=+8.4728 val_reward=+0.3704 val_actions=[L:55% S:41% F:5%] loss=0.002855 epsilon=0.0418 replay=5000 target_updates=296 patience=6/20 elapsed=2084s eta=2547s
cycle 46/100 reward_avg=+8.8920 val_reward=+0.7718 val_actions=[L:60% S:24% F:16%] loss=0.002930 epsilon=0.0394 replay=5000 target_updates=303 patience=7/20 elapsed=2125s eta=2495s
cycle 47/100 reward_avg=+9.2145 val_reward=+0.3022 val_actions=[L:44% S:50% F:7%] loss=0.002888 epsilon=0.0371 replay=5000 target_updates=310 patience=0/20 elapsed=2165s eta=2442s
cycle 48/100 reward_avg=+9.1407 val_reward=+0.6383 val_actions=[L:57% S:28% F:15%] loss=0.002873 epsilon=0.0348 replay=5000 target_updates=316 patience=1/20 elapsed=2201s eta=2385s
cycle 49/100 reward_avg=+9.1648 val_reward=+0.5552 val_actions=[L:56% S:28% F:16%] loss=0.002862 epsilon=0.0324 replay=5000 target_updates=323 patience=2/20 elapsed=2241s eta=2333s
cycle 50/100 reward_avg=+9.4264 val_reward=+0.5364 val_actions=[L:55% S:32% F:13%] loss=0.002766 epsilon=0.0301 replay=5000 target_updates=329 patience=3/20 elapsed=2274s eta=2274s
cycle 51/100 reward_avg=+9.4114 val_reward=+0.3755 val_actions=[L:43% S:43% F:14%] loss=0.002822 epsilon=0.0295 replay=5000 target_updates=336 patience=4/20 elapsed=2303s eta=2213s
cycle 52/100 reward_avg=+9.8020 val_reward=+0.5612 val_actions=[L:62% S:28% F:10%] loss=0.002849 epsilon=0.0290 replay=5000 target_updates=343 patience=5/20 elapsed=2342s eta=2162s
cycle 53/100 reward_avg=+9.5647 val_reward=+0.3533 val_actions=[L:51% S:42% F:7%] loss=0.002832 epsilon=0.0285 replay=5000 target_updates=349 patience=6/20 elapsed=2366s eta=2099s
cycle 54/100 reward_avg=+9.6137 val_reward=+0.4320 val_actions=[L:56% S:30% F:14%] loss=0.002828 epsilon=0.0280 replay=5000 target_updates=356 patience=7/20 elapsed=2399s eta=2043s
cycle 55/100 reward_avg=+10.1084 val_reward=+0.4026 val_actions=[L:46% S:43% F:11%] loss=0.002807 epsilon=0.0275 replay=5000 target_updates=363 patience=8/20 elapsed=2420s eta=1980s
cycle 56/100 reward_avg=+9.8560 val_reward=+0.7528 val_actions=[L:60% S:29% F:11%] loss=0.002801 epsilon=0.0270 replay=5000 target_updates=369 patience=9/20 elapsed=2444s eta=1920s
cycle 57/100 reward_avg=+10.4023 val_reward=+0.8098 val_actions=[L:67% S:28% F:6%] loss=0.002803 epsilon=0.0265 replay=5000 target_updates=376 patience=10/20 elapsed=2472s eta=1865s
cycle 58/100 reward_avg=+10.4461 val_reward=+0.7485 val_actions=[L:59% S:36% F:6%] loss=0.002896 epsilon=0.0260 replay=5000 target_updates=382 patience=0/20 elapsed=2495s eta=1806s
cycle 59/100 reward_avg=+10.6291 val_reward=+0.4205 val_actions=[L:52% S:42% F:5%] loss=0.002910 epsilon=0.0255 replay=5000 target_updates=389 patience=1/20 elapsed=2513s eta=1746s
cycle 60/100 reward_avg=+10.1598 val_reward=+0.3101 val_actions=[L:46% S:44% F:11%] loss=0.002927 epsilon=0.0250 replay=5000 target_updates=396 patience=2/20 elapsed=2535s eta=1690s
cycle 61/100 reward_avg=+10.5461 val_reward=+0.6362 val_actions=[L:53% S:36% F:12%] loss=0.002815 epsilon=0.0245 replay=5000 target_updates=402 patience=3/20 elapsed=2557s eta=1635s
cycle 62/100 reward_avg=+10.6739 val_reward=+0.7464 val_actions=[L:61% S:34% F:5%] loss=0.002865 epsilon=0.0240 replay=5000 target_updates=409 patience=4/20 elapsed=2577s eta=1579s
cycle 63/100 reward_avg=+10.9285 val_reward=+0.6337 val_actions=[L:55% S:41% F:5%] loss=0.002731 epsilon=0.0235 replay=5000 target_updates=416 patience=5/20 elapsed=2605s eta=1530s
cycle 64/100 reward_avg=+10.8459 val_reward=+0.5909 val_actions=[L:53% S:38% F:9%] loss=0.002712 epsilon=0.0230 replay=5000 target_updates=422 patience=6/20 elapsed=2626s eta=1477s
cycle 65/100 reward_avg=+11.3656 val_reward=+0.5156 val_actions=[L:50% S:38% F:12%] loss=0.002692 epsilon=0.0225 replay=5000 target_updates=429 patience=7/20 elapsed=2651s eta=1427s
cycle 66/100 reward_avg=+10.9331 val_reward=+0.5332 val_actions=[L:56% S:38% F:7%] loss=0.002738 epsilon=0.0220 replay=5000 target_updates=435 patience=8/20 elapsed=2681s eta=1381s
cycle 67/100 reward_avg=+11.1009 val_reward=+0.6380 val_actions=[L:51% S:46% F:3%] loss=0.002789 epsilon=0.0215 replay=5000 target_updates=442 patience=9/20 elapsed=2711s eta=1335s
cycle 68/100 reward_avg=+10.9846 val_reward=+0.6879 val_actions=[L:61% S:32% F:7%] loss=0.002790 epsilon=0.0210 replay=5000 target_updates=449 patience=10/20 elapsed=2733s eta=1286s
cycle 69/100 reward_avg=+10.8551 val_reward=+0.6452 val_actions=[L:55% S:31% F:14%] loss=0.002717 epsilon=0.0205 replay=5000 target_updates=455 patience=11/20 elapsed=2757s eta=1239s
cycle 70/100 reward_avg=+11.3814 val_reward=+0.9016 val_actions=[L:61% S:32% F:6%] loss=0.002668 epsilon=0.0200 replay=5000 target_updates=462 patience=12/20 elapsed=2787s eta=1194s
cycle 71/100 reward_avg=+11.2224 val_reward=+0.9393 val_actions=[L:59% S:34% F:7%] loss=0.002800 epsilon=0.0195 replay=5000 target_updates=469 patience=0/20 elapsed=2828s eta=1155s
cycle 72/100 reward_avg=+11.8085 val_reward=+0.7731 val_actions=[L:57% S:37% F:6%] loss=0.002730 epsilon=0.0190 replay=5000 target_updates=475 patience=0/20 elapsed=2854s eta=1110s
cycle 73/100 reward_avg=+11.5366 val_reward=+0.7008 val_actions=[L:50% S:43% F:7%] loss=0.002755 epsilon=0.0185 replay=5000 target_updates=482 patience=1/20 elapsed=2880s eta=1065s
cycle 74/100 reward_avg=+11.8366 val_reward=+0.6811 val_actions=[L:58% S:37% F:5%] loss=0.002814 epsilon=0.0180 replay=5000 target_updates=488 patience=2/20 elapsed=2913s eta=1023s
cycle 75/100 reward_avg=+11.8533 val_reward=+0.8249 val_actions=[L:56% S:34% F:10%] loss=0.002714 epsilon=0.0175 replay=5000 target_updates=495 patience=3/20 elapsed=2935s eta=978s
cycle 76/100 reward_avg=+11.6220 val_reward=+0.7012 val_actions=[L:52% S:42% F:6%] loss=0.002754 epsilon=0.0170 replay=5000 target_updates=502 patience=4/20 elapsed=2954s eta=933s
cycle 77/100 reward_avg=+12.2036 val_reward=+0.7840 val_actions=[L:56% S:38% F:6%] loss=0.002732 epsilon=0.0165 replay=5000 target_updates=508 patience=5/20 elapsed=2972s eta=888s
cycle 78/100 reward_avg=+11.8091 val_reward=+0.7057 val_actions=[L:55% S:41% F:5%] loss=0.002695 epsilon=0.0160 replay=5000 target_updates=515 patience=6/20 elapsed=2991s eta=843s
cycle 79/100 reward_avg=+11.9418 val_reward=+0.8343 val_actions=[L:61% S:34% F:6%] loss=0.002763 epsilon=0.0155 replay=5000 target_updates=522 patience=7/20 elapsed=3017s eta=802s
cycle 80/100 reward_avg=+12.0641 val_reward=+0.8391 val_actions=[L:55% S:35% F:10%] loss=0.002684 epsilon=0.0150 replay=5000 target_updates=528 patience=8/20 elapsed=3061s eta=765s
cycle 81/100 reward_avg=+12.0469 val_reward=+0.6426 val_actions=[L:46% S:48% F:6%] loss=0.002665 epsilon=0.0145 replay=5000 target_updates=535 patience=9/20 elapsed=3090s eta=725s
cycle 82/100 reward_avg=+12.6894 val_reward=+0.7916 val_actions=[L:46% S:44% F:10%] loss=0.002730 epsilon=0.0140 replay=5000 target_updates=541 patience=10/20 elapsed=3117s eta=684s
cycle 83/100 reward_avg=+12.6390 val_reward=+0.8910 val_actions=[L:63% S:30% F:8%] loss=0.002700 epsilon=0.0135 replay=5000 target_updates=548 patience=11/20 elapsed=3136s eta=642s
cycle 84/100 reward_avg=+12.4162 val_reward=+0.7391 val_actions=[L:47% S:46% F:7%] loss=0.002654 epsilon=0.0130 replay=5000 target_updates=555 patience=12/20 elapsed=3161s eta=602s
cycle 85/100 reward_avg=+13.0051 val_reward=+0.7994 val_actions=[L:58% S:33% F:9%] loss=0.002688 epsilon=0.0125 replay=5000 target_updates=561 patience=13/20 elapsed=3190s eta=563s
cycle 86/100 reward_avg=+12.7231 val_reward=+0.8747 val_actions=[L:61% S:31% F:8%] loss=0.002691 epsilon=0.0120 replay=5000 target_updates=568 patience=14/20 elapsed=3219s eta=524s
cycle 87/100 reward_avg=+12.7871 val_reward=+0.6701 val_actions=[L:59% S:31% F:10%] loss=0.002660 epsilon=0.0115 replay=5000 target_updates=575 patience=15/20 elapsed=3248s eta=485s
cycle 88/100 reward_avg=+13.1745 val_reward=+0.7668 val_actions=[L:54% S:36% F:9%] loss=0.002637 epsilon=0.0110 replay=5000 target_updates=581 patience=16/20 elapsed=3284s eta=448s
cycle 89/100 reward_avg=+13.0890 val_reward=+0.8430 val_actions=[L:62% S:32% F:6%] loss=0.002652 epsilon=0.0105 replay=5000 target_updates=588 patience=17/20 elapsed=3304s eta=408s
cycle 90/100 reward_avg=+13.1670 val_reward=+0.7284 val_actions=[L:52% S:38% F:10%] loss=0.002604 epsilon=0.0100 replay=5000 target_updates=594 patience=18/20 elapsed=3337s eta=371s
cycle 91/100 reward_avg=+13.1365 val_reward=+0.7521 val_actions=[L:48% S:43% F:9%] loss=0.002570 epsilon=0.0100 replay=5000 target_updates=601 patience=19/20 elapsed=3361s eta=332s
Early stopping at cycle 91: val_reward=+0.7521 best=+0.9393
Saved checkpoint: /home/congge2026/.openclaw/workspace/IEOR4733_Project/drl/dqn/models/Commodity/r1/bp1_20260506T182233_s49/checkpoint.pt
Saved logs: /home/congge2026/.openclaw/workspace/IEOR4733_Project/drl/dqn/models/Commodity/r1/bp1_20260506T182233_s49

======================================================================
Training Timing Summary
======================================================================
  Data loading + env construction:     1.1s
  Preflight checks + agent init:      (included above)
  Training loop (91 cycles):            3020.1s
    avg per cycle:                      33.2s
    avg per transition:                  1.3ms
  Validation (total):                  340.6s
    avg per cycle:                       3.7s
  Total wall time:                    3361.9s
  Device: cuda   | Params: 31,876
  Transitions: 2,411,136 | Learn steps: 601,535
  Contracts: 24 | Stopped: early
======================================================================
