======================================================================
DQN Asset-Class Training — Equity Index — r1
Train: 2005-01-01 ~ 2010-12-31
Test : 2011-01-01 ~ 2015-12-31
Contracts: 11/11 loaded | Device: cuda
Val envs: 11/11 contracts
Model bundle: /home/congge2026/.openclaw/workspace/IEOR4733_Project/drl/dqn/models/Equity_Index/r1/20260427T221408_s2
State spec: structural_38_close_norm_7d
DQN stabilizers [49]/[18]/[50]: fixed Q-targets, Double DQN, Dueling DQN; target hard-copy every 1000 learn steps; dropout 0.2
Validation: 10% split, early stopping patience=20
--- Env construction ---
  CA: train=[252..1387] (1135 steps)
  CA: val=[1327..1542] (215 steps)
  EN: train=[252..1360] (1108 steps)
  EN: val=[1300..1512] (212 steps)
  ER: train=[252..1361] (1109 steps)
  ER: val=[1301..1513] (212 steps)
  ES: train=[252..1361] (1109 steps)
  ES: val=[1301..1513] (212 steps)
  LX: train=[252..1370] (1118 steps)
  LX: val=[1310..1523] (213 steps)
  MD: train=[252..1359] (1107 steps)
  MD: val=[1299..1511] (212 steps)
  SC: train=[252..1360] (1108 steps)
  SC: val=[1300..1512] (212 steps)
  SP: train=[252..1359] (1107 steps)
  SP: val=[1299..1511] (212 steps)
  XU: train=[252..1379] (1127 steps)
  XU: val=[1319..1533] (214 steps)
  XX: train=[252..1379] (1127 steps)
  XX: val=[1319..1533] (214 steps)
  YM: train=[252..1361] (1109 steps)
  YM: val=[1301..1513] (212 steps)
--- Data sanity: all contracts OK ---
Agent: DuelingDQNLSTM | params=31,876 (trainable=31,876)
Device: cuda | CUDA available: True
GPU: NVIDIA GB10 | mem=130.7GB
--- Preflight: all envs OK (reset + step + reward) ---
======================================================================
cycle 1/100 reward_avg=-3.7161 val_reward=+0.0000 loss=0.001488 epsilon=0.2387 replay=5000 target_updates=12 patience=0/20 elapsed=278s eta=27537s
  ⚠️  cycle 1: replay buffer full (5000/5000) in first cycle
cycle 10/100 reward_avg=+14.3645 val_reward=+1.3058 loss=0.002839 epsilon=0.0500 replay=5000 target_updates=122 patience=0/20 elapsed=2958s eta=26623s
cycle 20/100 reward_avg=+19.1359 val_reward=+1.3199 loss=0.002541 epsilon=0.0500 replay=5000 target_updates=244 patience=7/20 elapsed=5309s eta=21236s
cycle 30/100 reward_avg=+21.1976 val_reward=+1.4690 loss=0.002172 epsilon=0.0500 replay=5000 target_updates=367 patience=17/20 elapsed=7380s eta=17219s
Early stopping at cycle 32: val_reward=+1.6144 best=+1.7486
Saved checkpoint: /home/congge2026/.openclaw/workspace/IEOR4733_Project/drl/dqn/models/Equity_Index/r1/20260427T221408_s2/checkpoint.pt
Saved logs: /home/congge2026/.openclaw/workspace/IEOR4733_Project/drl/dqn/models/Equity_Index/r1/20260427T221408_s2
