======================================================================
DQN Asset-Class Training — Equity Index — r2
Train: 2005-01-01 ~ 2015-12-31
Test : 2016-01-01 ~ 2019-12-31
Contracts: 11/11 loaded | Device: cuda
Val envs: 11/11 contracts
Model bundle: /home/congge2026/.openclaw/workspace/IEOR4733_Project/drl/dqn/models/Equity_Index/r2/bp1_20260506T174900_s51
State spec: structural_38_close_norm_9d
DQN stabilizers [49]/[18]/[50]: fixed Q-targets, Double DQN, Dueling DQN; target hard-copy every 1000 learn steps; dropout 0.2
Validation: 10% split, early stopping patience=20, epsilon: 0.30→0.010 over 2,480,800 steps, epsilon_val=0.0
--- Env construction ---
  CA: train_dates=[2005-01-03T00:00:00.000000..2015-12-31T00:00:00.000000] train_env=[252..2536] (2284 steps)
  CA: val_dates=[2014-08-29T00:00:00.000000..2015-12-31T00:00:00.000000] val_env=[2476..2818] (342 steps) test_dates=[2016-01-01..2019-12-31] test_idx=[2818..3839]
  EN: train_dates=[2005-01-03T00:00:00.000000..2015-12-31T00:00:00.000000] train_env=[252..2496] (2244 steps)
  EN: val_dates=[2014-09-02T00:00:00.000000..2015-12-31T00:00:00.000000] val_env=[2436..2774] (338 steps) test_dates=[2016-01-01..2019-12-31] test_idx=[2774..3780]
  ER: train_dates=[2005-01-03T00:00:00.000000..2015-12-31T00:00:00.000000] train_env=[252..2515] (2263 steps)
  ER: val_dates=[2014-09-08T00:00:00.000000..2015-12-31T00:00:00.000000] val_env=[2455..2795] (340 steps) test_dates=[2016-01-01..2019-12-31] test_idx=[2795..3814]
  ES: train_dates=[2005-01-03T00:00:00.000000..2015-12-31T00:00:00.000000] train_env=[252..2497] (2245 steps)
  ES: val_dates=[2014-09-02T00:00:00.000000..2015-12-31T00:00:00.000000] val_env=[2437..2775] (338 steps) test_dates=[2016-01-01..2019-12-31] test_idx=[2775..3781]
  LX: train_dates=[2005-01-04T00:00:00.000000..2015-12-31T00:00:00.000000] train_env=[252..2512] (2260 steps)
  LX: val_dates=[2014-09-01T00:00:00.000000..2015-12-31T00:00:00.000000] val_env=[2452..2791] (339 steps) test_dates=[2016-01-01..2019-12-31] test_idx=[2791..3801]
  MD: train_dates=[2005-01-03T00:00:00.000000..2015-12-31T00:00:00.000000] train_env=[252..2494] (2242 steps)
  MD: val_dates=[2014-08-29T00:00:00.000000..2015-12-31T00:00:00.000000] val_env=[2434..2772] (338 steps) test_dates=[2016-01-01..2019-12-31] test_idx=[2772..3769]
  SC: train_dates=[2005-01-03T00:00:00.000000..2015-12-31T00:00:00.000000] train_env=[252..2496] (2244 steps)
  SC: val_dates=[2014-09-02T00:00:00.000000..2015-12-31T00:00:00.000000] val_env=[2436..2774] (338 steps) test_dates=[2016-01-01..2019-12-31] test_idx=[2774..3780]
  SP: train_dates=[2005-01-03T00:00:00.000000..2015-12-31T00:00:00.000000] train_env=[252..2495] (2243 steps)
  SP: val_dates=[2014-09-02T00:00:00.000000..2015-12-31T00:00:00.000000] val_env=[2435..2773] (338 steps) test_dates=[2016-01-01..2019-12-31] test_idx=[2773..3779]
  XU: train_dates=[2005-01-03T00:00:00.000000..2015-12-30T00:00:00.000000] train_env=[252..2521] (2269 steps)
  XU: val_dates=[2014-08-27T00:00:00.000000..2015-12-30T00:00:00.000000] val_env=[2461..2801] (340 steps) test_dates=[2016-01-01..2019-12-31] test_idx=[2801..3816]
  XX: train_dates=[2005-01-03T00:00:00.000000..2015-12-30T00:00:00.000000] train_env=[252..2521] (2269 steps)
  XX: val_dates=[2014-08-26T00:00:00.000000..2015-12-30T00:00:00.000000] val_env=[2461..2801] (340 steps) test_dates=[2016-01-01..2019-12-31] test_idx=[2801..3816]
  YM: train_dates=[2005-01-03T00:00:00.000000..2015-12-31T00:00:00.000000] train_env=[252..2497] (2245 steps)
  YM: val_dates=[2014-09-02T00:00:00.000000..2015-12-31T00:00:00.000000] val_env=[2437..2775] (338 steps) test_dates=[2016-01-01..2019-12-31] test_idx=[2775..3781]
--- Data sanity: all contracts OK ---
Agent: DuelingDQNLSTM | params=31,876 (trainable=31,876)
Device: cuda | CUDA available: True
GPU: NVIDIA GB10 | mem=130.7GB
--- Preflight: all envs OK (reset + step + reward) ---
======================================================================
