======================================================================
DQN Asset-Class Training — Forex — r2
Train: 2005-01-01 ~ 2015-12-31
Test : 2016-01-01 ~ 2019-12-31
Contracts: 9/9 loaded | Device: cuda
Val envs: 9/9 contracts
Model bundle: /home/congge2026/.openclaw/workspace/IEOR4733_Project/drl/dqn/models/Forex/r2/bp1_20260506T174951_s46
State spec: structural_38_close_norm_9d
DQN stabilizers [49]/[18]/[50]: fixed Q-targets, Double DQN, Dueling DQN; target hard-copy every 1000 learn steps; dropout 0.2
Validation: 10% split, early stopping patience=20, epsilon: 0.30→0.010 over 2,024,500 steps, epsilon_val=0.0
--- Env construction ---
  AN: train_dates=[2005-01-03T00:00:00.000000..2015-12-31T00:00:00.000000] train_env=[252..2501] (2249 steps)
  AN: val_dates=[2014-09-02T00:00:00.000000..2015-12-31T00:00:00.000000] val_env=[2441..2779] (338 steps) test_dates=[2016-01-01..2019-12-31] test_idx=[2779..3785]
  BN: train_dates=[2005-01-03T00:00:00.000000..2015-12-31T00:00:00.000000] train_env=[252..2500] (2248 steps)
  BN: val_dates=[2014-09-02T00:00:00.000000..2015-12-31T00:00:00.000000] val_env=[2440..2778] (338 steps) test_dates=[2016-01-01..2019-12-31] test_idx=[2778..3784]
  CN: train_dates=[2005-01-05T00:00:00.000000..2015-12-31T00:00:00.000000] train_env=[252..2493] (2241 steps)
  CN: val_dates=[2014-09-03T00:00:00.000000..2015-12-31T00:00:00.000000] val_env=[2433..2770] (337 steps) test_dates=[2016-01-01..2019-12-31] test_idx=[2770..3776]
  DX: train_dates=[2005-01-05T00:00:00.000000..2015-12-31T00:00:00.000000] train_env=[252..2522] (2270 steps)
  DX: val_dates=[2014-09-05T00:00:00.000000..2015-12-31T00:00:00.000000] val_env=[2462..2803] (341 steps) test_dates=[2016-01-01..2019-12-31] test_idx=[2803..3832]
  FN: train_dates=[2005-01-05T00:00:00.000000..2015-12-31T00:00:00.000000] train_env=[252..2493] (2241 steps)
  FN: val_dates=[2014-09-03T00:00:00.000000..2015-12-31T00:00:00.000000] val_env=[2433..2770] (337 steps) test_dates=[2016-01-01..2019-12-31] test_idx=[2770..3776]
  JN: train_dates=[2005-01-05T00:00:00.000000..2015-12-31T00:00:00.000000] train_env=[252..2495] (2243 steps)
  JN: val_dates=[2014-09-02T00:00:00.000000..2015-12-31T00:00:00.000000] val_env=[2435..2773] (338 steps) test_dates=[2016-01-01..2019-12-31] test_idx=[2773..3779]
  MP: train_dates=[2005-01-05T00:00:00.000000..2015-12-31T00:00:00.000000] train_env=[252..2485] (2233 steps)
  MP: val_dates=[2014-08-25T00:00:00.000000..2015-12-31T00:00:00.000000] val_env=[2425..2762] (337 steps) test_dates=[2016-01-01..2019-12-31] test_idx=[2762..3768]
  NK: train_dates=[2005-01-03T00:00:00.000000..2015-12-31T00:00:00.000000] train_env=[252..2529] (2277 steps)
  NK: val_dates=[2014-09-05T00:00:00.000000..2015-12-31T00:00:00.000000] val_env=[2469..2810] (341 steps) test_dates=[2016-01-01..2019-12-31] test_idx=[2810..3845]
  SN: train_dates=[2005-01-05T00:00:00.000000..2015-12-31T00:00:00.000000] train_env=[252..2495] (2243 steps)
  SN: val_dates=[2014-09-02T00:00:00.000000..2015-12-31T00:00:00.000000] val_env=[2435..2773] (338 steps) test_dates=[2016-01-01..2019-12-31] test_idx=[2773..3779]
--- Data sanity: all contracts OK ---
Agent: DuelingDQNLSTM | params=31,876 (trainable=31,876)
Device: cuda | CUDA available: True
GPU: NVIDIA GB10 | mem=130.7GB
--- Preflight: all envs OK (reset + step + reward) ---
======================================================================
