======================================================================
DQN Asset-Class Training — Commodity — r1
Train: 2005-01-01 ~ 2010-12-31
Test : 2011-01-01 ~ 2015-12-31
Contracts: 24/24 loaded | Device: cuda
Val envs: 24/24 contracts
Model bundle: /home/congge2026/.openclaw/workspace/IEOR4733_Project/drl/dqn/models/Commodity/r1/bp1_20260506T182233_s47
State spec: structural_38_close_norm_9d
DQN stabilizers [49]/[18]/[50]: fixed Q-targets, Double DQN, Dueling DQN; target hard-copy every 1000 learn steps; dropout 0.2
Validation: 10% split, early stopping patience=20, epsilon: 0.30→0.010 over 2,652,000 steps, epsilon_val=0.0
--- Env construction ---
  CC: train_dates=[2005-01-06T00:00:00.000000..2010-12-31T00:00:00.000000] train_env=[252..1353] (1101 steps)
  CC: val_dates=[2010-03-04T00:00:00.000000..2010-12-31T00:00:00.000000] val_env=[1293..1504] (211 steps) test_dates=[2011-01-01..2015-12-31] test_idx=[1504..2762]
  DA: train_dates=[2005-01-06T00:00:00.000000..2010-12-31T00:00:00.000000] train_env=[252..1353] (1101 steps)
  DA: val_dates=[2010-03-04T00:00:00.000000..2010-12-31T00:00:00.000000] val_env=[1293..1504] (211 steps) test_dates=[2011-01-01..2015-12-31] test_idx=[1504..2761]
  GI: train_dates=[2005-01-03T00:00:00.000000..2010-12-31T00:00:00.000000] train_env=[252..1359] (1107 steps)
  GI: val_dates=[2010-03-04T00:00:00.000000..2010-12-31T00:00:00.000000] val_env=[1299..1510] (211 steps) test_dates=[2011-01-01..2015-12-31] test_idx=[1510..2769]
  JO: train_dates=[2005-01-06T00:00:00.000000..2010-12-31T00:00:00.000000] train_env=[252..1353] (1101 steps)
  JO: val_dates=[2010-03-04T00:00:00.000000..2010-12-31T00:00:00.000000] val_env=[1293..1504] (211 steps) test_dates=[2011-01-01..2015-12-31] test_idx=[1504..2763]
  KC: train_dates=[2005-01-06T00:00:00.000000..2010-12-31T00:00:00.000000] train_env=[252..1353] (1101 steps)
  KC: val_dates=[2010-03-04T00:00:00.000000..2010-12-31T00:00:00.000000] val_env=[1293..1504] (211 steps) test_dates=[2011-01-01..2015-12-31] test_idx=[1504..2762]
  KW: train_dates=[2005-01-04T00:00:00.000000..2010-12-31T00:00:00.000000] train_env=[252..1359] (1107 steps)
  KW: val_dates=[2010-03-04T00:00:00.000000..2010-12-31T00:00:00.000000] val_env=[1299..1510] (211 steps) test_dates=[2011-01-01..2015-12-31] test_idx=[1510..2769]
  LB: train_dates=[2005-01-04T00:00:00.000000..2010-12-31T00:00:00.000000] train_env=[252..1359] (1107 steps)
  LB: val_dates=[2010-03-04T00:00:00.000000..2010-12-31T00:00:00.000000] val_env=[1299..1510] (211 steps) test_dates=[2011-01-01..2015-12-31] test_idx=[1510..2766]
  NR: train_dates=[2005-01-04T00:00:00.000000..2010-12-31T00:00:00.000000] train_env=[252..1359] (1107 steps)
  NR: val_dates=[2010-03-04T00:00:00.000000..2010-12-31T00:00:00.000000] val_env=[1299..1510] (211 steps) test_dates=[2011-01-01..2015-12-31] test_idx=[1510..2769]
  SB: train_dates=[2005-01-06T00:00:00.000000..2010-12-31T00:00:00.000000] train_env=[252..1353] (1101 steps)
  SB: val_dates=[2010-03-04T00:00:00.000000..2010-12-31T00:00:00.000000] val_env=[1293..1504] (211 steps) test_dates=[2011-01-01..2015-12-31] test_idx=[1504..2762]
  ZC: train_dates=[2005-01-04T00:00:00.000000..2010-12-31T00:00:00.000000] train_env=[252..1359] (1107 steps)
  ZC: val_dates=[2010-03-03T00:00:00.000000..2010-12-31T00:00:00.000000] val_env=[1299..1511] (212 steps) test_dates=[2011-01-01..2015-12-31] test_idx=[1511..2770]
  ZF: train_dates=[2005-01-04T00:00:00.000000..2010-12-31T00:00:00.000000] train_env=[252..1359] (1107 steps)
  ZF: val_dates=[2010-03-04T00:00:00.000000..2010-12-31T00:00:00.000000] val_env=[1299..1510] (211 steps) test_dates=[2011-01-01..2015-12-31] test_idx=[1510..2769]
  ZG: train_dates=[2005-01-06T00:00:00.000000..2010-12-31T00:00:00.000000] train_env=[252..1358] (1106 steps)
  ZG: val_dates=[2010-03-04T00:00:00.000000..2010-12-31T00:00:00.000000] val_env=[1298..1509] (211 steps) test_dates=[2011-01-01..2015-12-31] test_idx=[1509..2768]
  ZH: train_dates=[2005-01-06T00:00:00.000000..2010-12-31T00:00:00.000000] train_env=[252..1356] (1104 steps)
  ZH: val_dates=[2010-03-04T00:00:00.000000..2010-12-31T00:00:00.000000] val_env=[1296..1507] (211 steps) test_dates=[2011-01-01..2015-12-31] test_idx=[1507..2766]
  ZI: train_dates=[2005-01-06T00:00:00.000000..2010-12-31T00:00:00.000000] train_env=[252..1358] (1106 steps)
  ZI: val_dates=[2010-03-04T00:00:00.000000..2010-12-31T00:00:00.000000] val_env=[1298..1509] (211 steps) test_dates=[2011-01-01..2015-12-31] test_idx=[1509..2768]
  ZK: train_dates=[2005-01-06T00:00:00.000000..2010-12-31T00:00:00.000000] train_env=[252..1357] (1105 steps)
  ZK: val_dates=[2010-03-04T00:00:00.000000..2010-12-31T00:00:00.000000] val_env=[1297..1508] (211 steps) test_dates=[2011-01-01..2015-12-31] test_idx=[1508..2767]
  ZL: train_dates=[2005-01-04T00:00:00.000000..2010-12-31T00:00:00.000000] train_env=[252..1359] (1107 steps)
  ZL: val_dates=[2010-03-03T00:00:00.000000..2010-12-31T00:00:00.000000] val_env=[1299..1511] (212 steps) test_dates=[2011-01-01..2015-12-31] test_idx=[1511..2770]
  ZO: train_dates=[2005-01-04T00:00:00.000000..2010-12-31T00:00:00.000000] train_env=[252..1358] (1106 steps)
  ZO: val_dates=[2010-03-04T00:00:00.000000..2010-12-31T00:00:00.000000] val_env=[1298..1509] (211 steps) test_dates=[2011-01-01..2015-12-31] test_idx=[1509..2768]
  ZP: train_dates=[2005-01-06T00:00:00.000000..2010-12-31T00:00:00.000000] train_env=[252..1358] (1106 steps)
  ZP: val_dates=[2010-03-04T00:00:00.000000..2010-12-31T00:00:00.000000] val_env=[1298..1509] (211 steps) test_dates=[2011-01-01..2015-12-31] test_idx=[1509..2768]
  ZR: train_dates=[2005-01-04T00:00:00.000000..2010-12-31T00:00:00.000000] train_env=[252..1359] (1107 steps)
  ZR: val_dates=[2010-03-03T00:00:00.000000..2010-12-31T00:00:00.000000] val_env=[1299..1511] (212 steps) test_dates=[2011-01-01..2015-12-31] test_idx=[1511..2770]
  ZT: train_dates=[2005-01-04T00:00:00.000000..2010-12-31T00:00:00.000000] train_env=[252..1359] (1107 steps)
  ZT: val_dates=[2010-03-04T00:00:00.000000..2010-12-31T00:00:00.000000] val_env=[1299..1510] (211 steps) test_dates=[2011-01-01..2015-12-31] test_idx=[1510..2769]
  ZU: train_dates=[2005-01-06T00:00:00.000000..2010-12-31T00:00:00.000000] train_env=[252..1354] (1102 steps)
  ZU: val_dates=[2010-03-04T00:00:00.000000..2010-12-31T00:00:00.000000] val_env=[1294..1505] (211 steps) test_dates=[2011-01-01..2015-12-31] test_idx=[1505..2764]
  ZW: train_dates=[2005-01-04T00:00:00.000000..2010-12-31T00:00:00.000000] train_env=[252..1359] (1107 steps)
  ZW: val_dates=[2010-03-03T00:00:00.000000..2010-12-31T00:00:00.000000] val_env=[1299..1511] (212 steps) test_dates=[2011-01-01..2015-12-31] test_idx=[1511..2770]
  ZZ: train_dates=[2005-01-04T00:00:00.000000..2010-12-31T00:00:00.000000] train_env=[252..1359] (1107 steps)
  ZZ: val_dates=[2010-03-04T00:00:00.000000..2010-12-31T00:00:00.000000] val_env=[1299..1510] (211 steps) test_dates=[2011-01-01..2015-12-31] test_idx=[1510..2769]
  ZN: train_dates=[2005-01-06T00:00:00.000000..2010-12-31T00:00:00.000000] train_env=[252..1355] (1103 steps)
  ZN: val_dates=[2010-03-04T00:00:00.000000..2010-12-31T00:00:00.000000] val_env=[1295..1506] (211 steps) test_dates=[2011-01-01..2015-12-31] test_idx=[1506..2765]
--- Data sanity: all contracts OK ---
Agent: DuelingDQNLSTM | params=31,876 (trainable=31,876)
Device: cuda | CUDA available: True
GPU: NVIDIA GB10 | mem=130.7GB
--- Preflight: all envs OK (reset + step + reward) ---
======================================================================
cycle 1/100 reward_avg=+0.4418 val_reward=-0.0080 val_actions=[L:23% S:22% F:56%] loss=0.002499 epsilon=0.2900 replay=5000 target_updates=5 patience=0/20 elapsed=38s eta=3729s
  ⚠️  cycle 1: replay buffer full (5000/5000) in first cycle
cycle 2/100 reward_avg=+0.6034 val_reward=+0.0795 val_actions=[L:39% S:15% F:46%] loss=0.002372 epsilon=0.2800 replay=5000 target_updates=11 patience=0/20 elapsed=81s eta=3975s
cycle 3/100 reward_avg=+0.6901 val_reward=+0.3265 val_actions=[L:38% S:24% F:37%] loss=0.002412 epsilon=0.2700 replay=5000 target_updates=18 patience=0/20 elapsed=127s eta=4109s
cycle 4/100 reward_avg=+1.2416 val_reward=-0.2834 val_actions=[L:19% S:63% F:18%] loss=0.002523 epsilon=0.2600 replay=5000 target_updates=25 patience=0/20 elapsed=174s eta=4165s
cycle 5/100 reward_avg=+1.0311 val_reward=-0.4246 val_actions=[L:23% S:62% F:15%] loss=0.002573 epsilon=0.2500 replay=5000 target_updates=31 patience=1/20 elapsed=221s eta=4205s
cycle 6/100 reward_avg=+0.3052 val_reward=+0.0955 val_actions=[L:44% S:20% F:36%] loss=0.002233 epsilon=0.2401 replay=5000 target_updates=38 patience=2/20 elapsed=266s eta=4172s
cycle 7/100 reward_avg=+0.8834 val_reward=-0.2593 val_actions=[L:14% S:23% F:63%] loss=0.002272 epsilon=0.2301 replay=5000 target_updates=45 patience=3/20 elapsed=312s eta=4147s
cycle 8/100 reward_avg=+1.3403 val_reward=-0.0574 val_actions=[L:26% S:42% F:32%] loss=0.002475 epsilon=0.2201 replay=5000 target_updates=51 patience=4/20 elapsed=360s eta=4136s
cycle 9/100 reward_avg=+1.1445 val_reward=-0.0755 val_actions=[L:10% S:22% F:68%] loss=0.002473 epsilon=0.2101 replay=5000 target_updates=58 patience=5/20 elapsed=405s eta=4092s
cycle 10/100 reward_avg=+1.3998 val_reward=+0.5233 val_actions=[L:72% S:17% F:11%] loss=0.002062 epsilon=0.2001 replay=5000 target_updates=64 patience=6/20 elapsed=452s eta=4067s
cycle 11/100 reward_avg=+1.0702 val_reward=+0.0914 val_actions=[L:11% S:19% F:70%] loss=0.002154 epsilon=0.1901 replay=5000 target_updates=71 patience=0/20 elapsed=497s eta=4023s
cycle 12/100 reward_avg=+1.3485 val_reward=+0.1782 val_actions=[L:32% S:31% F:37%] loss=0.002054 epsilon=0.1801 replay=5000 target_updates=78 patience=1/20 elapsed=544s eta=3993s
cycle 13/100 reward_avg=+1.8305 val_reward=+0.0570 val_actions=[L:25% S:25% F:50%] loss=0.002709 epsilon=0.1701 replay=5000 target_updates=84 patience=2/20 elapsed=592s eta=3962s
cycle 14/100 reward_avg=+2.1365 val_reward=-0.4920 val_actions=[L:16% S:74% F:10%] loss=0.002377 epsilon=0.1601 replay=5000 target_updates=91 patience=3/20 elapsed=639s eta=3927s
cycle 15/100 reward_avg=+2.3097 val_reward=-0.2327 val_actions=[L:25% S:62% F:13%] loss=0.002547 epsilon=0.1501 replay=5000 target_updates=98 patience=4/20 elapsed=687s eta=3895s
cycle 16/100 reward_avg=+1.9159 val_reward=+0.3022 val_actions=[L:40% S:36% F:24%] loss=0.002466 epsilon=0.1401 replay=5000 target_updates=104 patience=5/20 elapsed=735s eta=3858s
cycle 17/100 reward_avg=+3.0279 val_reward=+0.1113 val_actions=[L:11% S:36% F:53%] loss=0.002805 epsilon=0.1302 replay=5000 target_updates=111 patience=6/20 elapsed=783s eta=3820s
cycle 18/100 reward_avg=+2.7271 val_reward=+0.2043 val_actions=[L:22% S:31% F:47%] loss=0.002361 epsilon=0.1202 replay=5000 target_updates=117 patience=7/20 elapsed=831s eta=3785s
cycle 19/100 reward_avg=+3.4502 val_reward=+0.4156 val_actions=[L:30% S:32% F:38%] loss=0.002493 epsilon=0.1102 replay=5000 target_updates=124 patience=8/20 elapsed=879s eta=3747s
cycle 20/100 reward_avg=+2.7213 val_reward=+0.1295 val_actions=[L:12% S:28% F:60%] loss=0.002417 epsilon=0.1002 replay=5000 target_updates=131 patience=9/20 elapsed=928s eta=3711s
cycle 21/100 reward_avg=+3.9288 val_reward=+0.1881 val_actions=[L:13% S:34% F:53%] loss=0.002652 epsilon=0.0977 replay=5000 target_updates=137 patience=10/20 elapsed=977s eta=3674s
cycle 22/100 reward_avg=+3.9768 val_reward=+0.3869 val_actions=[L:24% S:35% F:41%] loss=0.002527 epsilon=0.0954 replay=5000 target_updates=144 patience=11/20 elapsed=1025s eta=3634s
cycle 23/100 reward_avg=+4.5246 val_reward=+0.1356 val_actions=[L:24% S:43% F:33%] loss=0.002694 epsilon=0.0930 replay=5000 target_updates=151 patience=12/20 elapsed=1071s eta=3585s
cycle 24/100 reward_avg=+4.9104 val_reward=+0.5267 val_actions=[L:29% S:30% F:40%] loss=0.002454 epsilon=0.0907 replay=5000 target_updates=157 patience=13/20 elapsed=1118s eta=3542s
cycle 25/100 reward_avg=+4.6292 val_reward=+0.2336 val_actions=[L:21% S:41% F:38%] loss=0.002598 epsilon=0.0884 replay=5000 target_updates=164 patience=0/20 elapsed=1168s eta=3503s
cycle 26/100 reward_avg=+5.5321 val_reward=+0.0403 val_actions=[L:34% S:59% F:7%] loss=0.002673 epsilon=0.0861 replay=5000 target_updates=170 patience=1/20 elapsed=1218s eta=3467s
cycle 27/100 reward_avg=+5.1845 val_reward=+0.4290 val_actions=[L:46% S:35% F:19%] loss=0.002780 epsilon=0.0837 replay=5000 target_updates=177 patience=2/20 elapsed=1266s eta=3422s
cycle 28/100 reward_avg=+5.8268 val_reward=+0.0712 val_actions=[L:30% S:53% F:17%] loss=0.002490 epsilon=0.0814 replay=5000 target_updates=184 patience=3/20 elapsed=1315s eta=3382s
cycle 29/100 reward_avg=+6.0646 val_reward=+0.0906 val_actions=[L:23% S:34% F:43%] loss=0.002627 epsilon=0.0791 replay=5000 target_updates=190 patience=4/20 elapsed=1359s eta=3328s
cycle 30/100 reward_avg=+5.8430 val_reward=+0.4316 val_actions=[L:52% S:38% F:10%] loss=0.002392 epsilon=0.0767 replay=5000 target_updates=197 patience=5/20 elapsed=1401s eta=3269s
cycle 31/100 reward_avg=+7.3867 val_reward=-0.0304 val_actions=[L:29% S:67% F:4%] loss=0.002771 epsilon=0.0744 replay=5000 target_updates=204 patience=6/20 elapsed=1445s eta=3216s
cycle 32/100 reward_avg=+6.4459 val_reward=+0.7287 val_actions=[L:57% S:31% F:12%] loss=0.002664 epsilon=0.0721 replay=5000 target_updates=210 patience=7/20 elapsed=1492s eta=3170s
cycle 33/100 reward_avg=+6.9385 val_reward=+0.2825 val_actions=[L:32% S:37% F:31%] loss=0.002840 epsilon=0.0697 replay=5000 target_updates=217 patience=0/20 elapsed=1534s eta=3114s
cycle 34/100 reward_avg=+7.7743 val_reward=+0.3465 val_actions=[L:46% S:46% F:8%] loss=0.002719 epsilon=0.0674 replay=5000 target_updates=223 patience=1/20 elapsed=1575s eta=3057s
cycle 35/100 reward_avg=+7.2904 val_reward=+0.4114 val_actions=[L:36% S:46% F:19%] loss=0.002797 epsilon=0.0651 replay=5000 target_updates=230 patience=2/20 elapsed=1619s eta=3006s
cycle 36/100 reward_avg=+7.8213 val_reward=+0.0266 val_actions=[L:33% S:59% F:8%] loss=0.002710 epsilon=0.0627 replay=5000 target_updates=237 patience=3/20 elapsed=1667s eta=2964s
cycle 37/100 reward_avg=+8.3678 val_reward=+0.3415 val_actions=[L:44% S:49% F:7%] loss=0.002907 epsilon=0.0604 replay=5000 target_updates=243 patience=4/20 elapsed=1717s eta=2924s
cycle 38/100 reward_avg=+7.9083 val_reward=+0.5602 val_actions=[L:47% S:46% F:7%] loss=0.002705 epsilon=0.0581 replay=5000 target_updates=250 patience=5/20 elapsed=1764s eta=2878s
cycle 39/100 reward_avg=+7.9482 val_reward=+0.2758 val_actions=[L:37% S:55% F:8%] loss=0.002738 epsilon=0.0557 replay=5000 target_updates=257 patience=6/20 elapsed=1813s eta=2836s
cycle 40/100 reward_avg=+8.4040 val_reward=+0.5469 val_actions=[L:47% S:47% F:6%] loss=0.002789 epsilon=0.0534 replay=5000 target_updates=263 patience=7/20 elapsed=1862s eta=2793s
cycle 41/100 reward_avg=+8.4236 val_reward=+0.5655 val_actions=[L:52% S:41% F:7%] loss=0.002759 epsilon=0.0511 replay=5000 target_updates=270 patience=8/20 elapsed=1910s eta=2749s
cycle 42/100 reward_avg=+8.6661 val_reward=+0.5079 val_actions=[L:47% S:46% F:7%] loss=0.002776 epsilon=0.0488 replay=5000 target_updates=276 patience=9/20 elapsed=1959s eta=2705s
cycle 43/100 reward_avg=+8.8757 val_reward=+0.5966 val_actions=[L:53% S:35% F:12%] loss=0.002797 epsilon=0.0464 replay=5000 target_updates=283 patience=10/20 elapsed=2003s eta=2655s
cycle 44/100 reward_avg=+9.1911 val_reward=+0.6163 val_actions=[L:56% S:39% F:6%] loss=0.002756 epsilon=0.0441 replay=5000 target_updates=290 patience=11/20 elapsed=2043s eta=2600s
cycle 45/100 reward_avg=+9.3564 val_reward=+0.6079 val_actions=[L:54% S:31% F:15%] loss=0.002755 epsilon=0.0418 replay=5000 target_updates=296 patience=12/20 elapsed=2081s eta=2543s
cycle 46/100 reward_avg=+9.9229 val_reward=+0.4442 val_actions=[L:43% S:51% F:7%] loss=0.002707 epsilon=0.0394 replay=5000 target_updates=303 patience=13/20 elapsed=2117s eta=2486s
cycle 47/100 reward_avg=+9.9827 val_reward=+0.6186 val_actions=[L:48% S:41% F:11%] loss=0.002753 epsilon=0.0371 replay=5000 target_updates=310 patience=14/20 elapsed=2149s eta=2423s
cycle 48/100 reward_avg=+9.7902 val_reward=+0.5657 val_actions=[L:44% S:43% F:13%] loss=0.002712 epsilon=0.0348 replay=5000 target_updates=316 patience=15/20 elapsed=2187s eta=2369s
cycle 49/100 reward_avg=+10.0232 val_reward=+0.3362 val_actions=[L:36% S:53% F:11%] loss=0.002681 epsilon=0.0324 replay=5000 target_updates=323 patience=16/20 elapsed=2226s eta=2317s
cycle 50/100 reward_avg=+9.9082 val_reward=+0.3348 val_actions=[L:33% S:57% F:11%] loss=0.002782 epsilon=0.0301 replay=5000 target_updates=329 patience=17/20 elapsed=2253s eta=2253s
cycle 51/100 reward_avg=+10.5847 val_reward=+0.7003 val_actions=[L:54% S:37% F:9%] loss=0.002719 epsilon=0.0295 replay=5000 target_updates=336 patience=18/20 elapsed=2288s eta=2198s
cycle 52/100 reward_avg=+10.3826 val_reward=+0.6938 val_actions=[L:45% S:41% F:15%] loss=0.002790 epsilon=0.0290 replay=5000 target_updates=343 patience=19/20 elapsed=2321s eta=2143s
Early stopping at cycle 52: val_reward=+0.6938 best=+0.7287
Saved checkpoint: /home/congge2026/.openclaw/workspace/IEOR4733_Project/drl/dqn/models/Commodity/r1/bp1_20260506T182233_s47/checkpoint.pt
Saved logs: /home/congge2026/.openclaw/workspace/IEOR4733_Project/drl/dqn/models/Commodity/r1/bp1_20260506T182233_s47

======================================================================
Training Timing Summary
======================================================================
  Data loading + env construction:     1.1s
  Preflight checks + agent init:      (included above)
  Training loop (52 cycles):            2004.1s
    avg per cycle:                      38.5s
    avg per transition:                  1.5ms
  Validation (total):                  317.4s
    avg per cycle:                       6.1s
  Total wall time:                    2322.6s
  Device: cuda   | Params: 31,876
  Transitions: 1,377,792 | Learn steps: 343,199
  Contracts: 24 | Stopped: early
======================================================================
