======================================================================
DQN Asset-Class Training — Commodity — r1
Train: 2005-01-01 ~ 2010-12-31
Test : 2011-01-01 ~ 2015-12-31
Contracts: 24/24 loaded | Device: cuda
Val envs: 24/24 contracts
Model bundle: /home/congge2026/.openclaw/workspace/IEOR4733_Project/drl/dqn/models/Commodity/r1/20260427T221409_s3
State spec: structural_38_close_norm_7d
DQN stabilizers [49]/[18]/[50]: fixed Q-targets, Double DQN, Dueling DQN; target hard-copy every 1000 learn steps; dropout 0.2
Validation: 10% split, early stopping patience=20
--- Env construction ---
  CC: train=[252..1353] (1101 steps)
  CC: val=[1293..1504] (211 steps)
  DA: train=[252..1353] (1101 steps)
  DA: val=[1293..1504] (211 steps)
  GI: train=[252..1359] (1107 steps)
  GI: val=[1299..1510] (211 steps)
  JO: train=[252..1353] (1101 steps)
  JO: val=[1293..1504] (211 steps)
  KC: train=[252..1353] (1101 steps)
  KC: val=[1293..1504] (211 steps)
  KW: train=[252..1359] (1107 steps)
  KW: val=[1299..1510] (211 steps)
  LB: train=[252..1359] (1107 steps)
  LB: val=[1299..1510] (211 steps)
  NR: train=[252..1359] (1107 steps)
  NR: val=[1299..1510] (211 steps)
  SB: train=[252..1353] (1101 steps)
  SB: val=[1293..1504] (211 steps)
  ZC: train=[252..1359] (1107 steps)
  ZC: val=[1299..1511] (212 steps)
  ZF: train=[252..1359] (1107 steps)
  ZF: val=[1299..1510] (211 steps)
  ZG: train=[252..1358] (1106 steps)
  ZG: val=[1298..1509] (211 steps)
  ZH: train=[252..1356] (1104 steps)
  ZH: val=[1296..1507] (211 steps)
  ZI: train=[252..1358] (1106 steps)
  ZI: val=[1298..1509] (211 steps)
  ZK: train=[252..1357] (1105 steps)
  ZK: val=[1297..1508] (211 steps)
  ZL: train=[252..1359] (1107 steps)
  ZL: val=[1299..1511] (212 steps)
  ZO: train=[252..1358] (1106 steps)
  ZO: val=[1298..1509] (211 steps)
  ZP: train=[252..1358] (1106 steps)
  ZP: val=[1298..1509] (211 steps)
  ZR: train=[252..1359] (1107 steps)
  ZR: val=[1299..1511] (212 steps)
  ZT: train=[252..1359] (1107 steps)
  ZT: val=[1299..1510] (211 steps)
  ZU: train=[252..1354] (1102 steps)
  ZU: val=[1294..1505] (211 steps)
  ZW: train=[252..1359] (1107 steps)
  ZW: val=[1299..1511] (212 steps)
  ZZ: train=[252..1359] (1107 steps)
  ZZ: val=[1299..1510] (211 steps)
  ZN: train=[252..1355] (1103 steps)
  ZN: val=[1295..1506] (211 steps)
--- Data sanity: all contracts OK ---
Agent: DuelingDQNLSTM | params=31,876 (trainable=31,876)
Device: cuda | CUDA available: True
GPU: NVIDIA GB10 | mem=130.7GB
--- Preflight: all envs OK (reset + step + reward) ---
======================================================================
cycle 1/100 reward_avg=-3.7744 val_reward=+0.0000 loss=0.001630 epsilon=0.1675 replay=5000 target_updates=26 patience=0/20 elapsed=602s eta=59569s
  ⚠️  cycle 1: replay buffer full (5000/5000) in first cycle
cycle 10/100 reward_avg=+0.4809 val_reward=-0.1411 loss=0.002625 epsilon=0.0500 replay=5000 target_updates=264 patience=5/20 elapsed=5658s eta=50922s
cycle 20/100 reward_avg=+0.9443 val_reward=-0.3050 loss=0.002332 epsilon=0.0500 replay=5000 target_updates=529 patience=15/20 elapsed=9820s eta=39281s
Early stopping at cycle 24: val_reward=-0.3634 best=+0.2139
Saved checkpoint: /home/congge2026/.openclaw/workspace/IEOR4733_Project/drl/dqn/models/Commodity/r1/20260427T221409_s3/checkpoint.pt
Saved logs: /home/congge2026/.openclaw/workspace/IEOR4733_Project/drl/dqn/models/Commodity/r1/20260427T221409_s3
