======================================================================
DQN Asset-Class Training — Forex — r2
Train: 2005-01-01 ~ 2015-12-31
Test : 2016-01-01 ~ 2019-12-31
Contracts: 9/9 loaded | Device: cuda
Val envs: 9/9 contracts
Model bundle: /home/congge2026/.openclaw/workspace/IEOR4733_Project/drl/dqn/models/Forex/r2/20260427T202658_s2
State spec: structural_38_close_norm_7d
DQN stabilizers [49]/[18]/[50]: fixed Q-targets, Double DQN, Dueling DQN; target hard-copy every 1000 learn steps; dropout 0.2
Validation: 10% split, early stopping patience=20
--- Env construction ---
  AN: train=[252..2501] (2249 steps)
  AN: val=[2441..2779] (338 steps)
  BN: train=[252..2500] (2248 steps)
  BN: val=[2440..2778] (338 steps)
  CN: train=[252..2493] (2241 steps)
  CN: val=[2433..2770] (337 steps)
  DX: train=[252..2522] (2270 steps)
  DX: val=[2462..2803] (341 steps)
  FN: train=[252..2493] (2241 steps)
  FN: val=[2433..2770] (337 steps)
  JN: train=[252..2495] (2243 steps)
  JN: val=[2435..2773] (338 steps)
  MP: train=[252..2485] (2233 steps)
  MP: val=[2425..2762] (337 steps)
  NK: train=[252..2529] (2277 steps)
  NK: val=[2469..2810] (341 steps)
  SN: train=[252..2495] (2243 steps)
  SN: val=[2435..2773] (338 steps)
--- Data sanity: all contracts OK ---
Agent: DuelingDQNLSTM | params=31,876 (trainable=31,876)
Device: cuda | CUDA available: True
GPU: NVIDIA GB10 | mem=130.7GB
--- Preflight: all envs OK (reset + step + reward) ---
======================================================================
cycle 1/100 reward_avg=-10.2026 val_reward=+0.0000 loss=0.001039 epsilon=0.2325 replay=5000 target_updates=13 patience=0/20 elapsed=100s eta=9895s
  ⚠️  cycle 1: replay buffer full (5000/5000) in first cycle
cycle 10/100 reward_avg=-0.1292 val_reward=-0.9557 loss=0.001745 epsilon=0.0500 replay=5000 target_updates=134 patience=6/20 elapsed=1098s eta=9880s
cycle 20/100 reward_avg=+4.6218 val_reward=-1.6765 loss=0.002205 epsilon=0.0500 replay=5000 target_updates=269 patience=16/20 elapsed=2213s eta=8851s
Early stopping at cycle 23: val_reward=-1.8857 best=-0.0139
Saved checkpoint: /home/congge2026/.openclaw/workspace/IEOR4733_Project/drl/dqn/models/Forex/r2/20260427T202658_s2/checkpoint.pt
Saved logs: /home/congge2026/.openclaw/workspace/IEOR4733_Project/drl/dqn/models/Forex/r2/20260427T202658_s2
