======================================================================
DQN Asset-Class Training — Fixed Income — r1
Train: 2005-01-01 ~ 2010-12-31
Test : 2011-01-01 ~ 2015-12-31
Contracts: 4/4 loaded | Device: cuda
Val envs: 4/4 contracts
Model bundle: /home/congge2026/.openclaw/workspace/IEOR4733_Project/drl/dqn/models/Fixed_Income/r1/20260427T221408_s3
State spec: structural_38_close_norm_7d
DQN stabilizers [49]/[18]/[50]: fixed Q-targets, Double DQN, Dueling DQN; target hard-copy every 1000 learn steps; dropout 0.2
Validation: 10% split, early stopping patience=20
--- Env construction ---
  DT: train=[252..1379] (1127 steps)
  DT: val=[1319..1533] (214 steps)
  TY: train=[252..1357] (1105 steps)
  TY: val=[1297..1508] (211 steps)
  UB: train=[252..1379] (1127 steps)
  UB: val=[1319..1533] (214 steps)
  US: train=[252..1357] (1105 steps)
  US: val=[1297..1508] (211 steps)
--- Data sanity: all contracts OK ---
Agent: DuelingDQNLSTM | params=31,876 (trainable=31,876)
Device: cuda | CUDA available: True
GPU: NVIDIA GB10 | mem=130.7GB
--- Preflight: all envs OK (reset + step + reward) ---
======================================================================
cycle 1/100 reward_avg=-14.4387 val_reward=+0.0000 loss=0.001128 epsilon=0.2777 replay=4460 target_updates=4 patience=0/20 elapsed=101s eta=10019s
cycle 10/100 reward_avg=-4.6588 val_reward=-0.0020 loss=0.000834 epsilon=0.0770 replay=5000 target_updates=44 patience=1/20 elapsed=1076s eta=9688s
cycle 20/100 reward_avg=+1.6944 val_reward=-0.2226 loss=0.001726 epsilon=0.0500 replay=5000 target_updates=89 patience=11/20 elapsed=2175s eta=8699s
Early stopping at cycle 28: val_reward=-0.6561 best=+0.1205
Saved checkpoint: /home/congge2026/.openclaw/workspace/IEOR4733_Project/drl/dqn/models/Fixed_Income/r1/20260427T221408_s3/checkpoint.pt
Saved logs: /home/congge2026/.openclaw/workspace/IEOR4733_Project/drl/dqn/models/Fixed_Income/r1/20260427T221408_s3
